 nanovg_node_webgl

 Timestamp is 5caf31c1 (Thu Apr 11 21:23:29 2019)

 Preferred load address is 0000000180000000

 Start         Length     Name                   Class
 0001:00000000 00000030H .text$di                CODE
 0001:00000030 00025310H .text$mn                CODE
 0001:00025340 00000020H .text$mn$00             CODE
 0001:00025360 00000250H .text$x                 CODE
 0001:000255b0 00000065H .text$yd                CODE
 0002:00000000 000002e8H .idata$5                DATA
 0002:000002e8 00000010H .00cfg                  DATA
 0002:000002f8 00000008H .CRT$XCA                DATA
 0002:00000300 00000010H .CRT$XCU                DATA
 0002:00000310 00000008H .CRT$XCZ                DATA
 0002:00000318 00000008H .CRT$XIA                DATA
 0002:00000320 00000018H .CRT$XIC                DATA
 0002:00000338 00000008H .CRT$XIZ                DATA
 0002:00000340 00000008H .CRT$XPA                DATA
 0002:00000348 00000010H .CRT$XPX                DATA
 0002:00000358 00000008H .CRT$XPXA               DATA
 0002:00000360 00000008H .CRT$XPZ                DATA
 0002:00000368 00000008H .CRT$XTA                DATA
 0002:00000370 00000010H .CRT$XTZ                DATA
 0002:00000378 00000000H .gfids$y                DATA
 0002:00000380 0000ba10H .rdata                  DATA
 0002:0000bd90 000002fcH .rdata$r                DATA
 0002:0000c08c 00000364H .rdata$zzzdbg           DATA
 0002:0000c3f0 00000008H .rtc$IAA                DATA
 0002:0000c3f8 00000008H .rtc$IZZ                DATA
 0002:0000c400 00000008H .rtc$TAA                DATA
 0002:0000c408 00000008H .rtc$TZZ                DATA
 0002:0000c410 00001bd0H .xdata                  DATA
 0002:0000dfe0 00000180H .xdata$x                DATA
 0002:0000e160 00000068H .edata                  DATA
 0002:0000e1c8 00000028H .idata$2                DATA
 0002:0000e1f0 00000018H .idata$3                DATA
 0002:0000e208 000002e8H .idata$4                DATA
 0002:0000e4f0 00000746H .idata$6                DATA
 0003:00000000 00000a90H .data                   DATA
 0003:00000a90 000000f0H .data$r                 DATA
 0003:00000b80 004c13fcH .bss                    DATA
 0004:00000000 00001d4cH .pdata                  DATA
 0005:00000000 00000060H .rsrc$01                DATA
 0005:00000060 00000180H .rsrc$02                DATA

  Address         Publics by Value              Rva+Base               Lib:Object

 0000:00000000       __guard_fids_count         0000000000000000     <absolute>
 0000:00000000       __guard_longjmp_count      0000000000000000     <absolute>
 0000:00000000       __hybrid_code_map          0000000000000000     <absolute>
 0000:00000000       __guard_iat_count          0000000000000000     <absolute>
 0000:00000000       __guard_longjmp_table      0000000000000000     <absolute>
 0000:00000000       __volatile_metadata        0000000000000000     <absolute>
 0000:00000000       __guard_iat_table          0000000000000000     <absolute>
 0000:00000000       __hybrid_code_map_count    0000000000000000     <absolute>
 0000:00000000       __enclave_config           0000000000000000     <absolute>
 0000:00000000       ___safe_se_handler_count   0000000000000000     <absolute>
 0000:00000000       ___safe_se_handler_table   0000000000000000     <absolute>
 0000:00000000       __guard_fids_table         0000000000000000     <absolute>
 0000:00000000       __hybrid_auxiliary_iat     0000000000000000     <absolute>
 0000:00000000       __dynamic_value_reloc_table 0000000000000000     <absolute>
 0000:00000100       __guard_flags              0000000000000100     <absolute>
 0000:00000000       __ImageBase                0000000180000000     <linker-defined>
 0001:00000030       ?__nanovg_webgl2_register_functions@@YAXPEAUnapi_env__@@PEAUnapi_value__@@@Z 0000000180001030 f   nanovg_webgl2_api.obj
 0001:00003d30       ?glAttachShader@@YAXPEAUnapi_ref__@@0@Z 0000000180004d30 f   nanovg_webgl2_api.obj
 0001:00003df0       ?glBindAttribLocation@@YAXPEAUnapi_ref__@@IPEBD@Z 0000000180004df0 f   nanovg_webgl2_api.obj
 0001:00003f00       ?glBindBuffer@@YAXIPEAUnapi_ref__@@@Z 0000000180004f00 f   nanovg_webgl2_api.obj
 0001:00003fc0       ?glBindTexture0@@YAXI@Z    0000000180004fc0 f   nanovg_webgl2_api.obj
 0001:00004070       ?glBufferData@@YAXI_JPEAXI@Z 0000000180005070 f   nanovg_webgl2_api.obj
 0001:00004180       ?glColorMask@@YAXEEEE@Z    0000000180005180 f   nanovg_webgl2_api.obj
 0001:000042a0       ?glCompileShader@@YAXPEAUnapi_ref__@@@Z 00000001800052a0 f   nanovg_webgl2_api.obj
 0001:00004340       ?glCreateBuffer@@YAPEAUnapi_ref__@@XZ 0000000180005340 f   nanovg_webgl2_api.obj
 0001:000043d0       ?glCreateShader@@YAPEAUnapi_ref__@@I@Z 00000001800053d0 f   nanovg_webgl2_api.obj
 0001:00004490       ?glCreateTexture@@YAPEAUnapi_ref__@@XZ 0000000180005490 f   nanovg_webgl2_api.obj
 0001:00004520       ?glDeleteShader@@YAXPEAUnapi_ref__@@@Z 0000000180005520 f   nanovg_webgl2_api.obj
 0001:000045c0       ?glDeleteTexture@@YAXPEAUnapi_ref__@@@Z 00000001800055c0 f   nanovg_webgl2_api.obj
 0001:00004660       ?glDisable@@YAXI@Z         0000000180005660 f   nanovg_webgl2_api.obj
 0001:000046f0       ?glDrawArrays@@YAXIHH@Z    00000001800056f0 f   nanovg_webgl2_api.obj
 0001:000047f0       ?glEnable@@YAXI@Z          00000001800057f0 f   nanovg_webgl2_api.obj
 0001:00004880       ?glEnableVertexAttribArray@@YAXI@Z 0000000180005880 f   nanovg_webgl2_api.obj
 0001:00004910       ?glGenerateMipmap@@YAXI@Z  0000000180005910 f   nanovg_webgl2_api.obj
 0001:000049b0       ?glGetShaderParameter@@YAIPEAUnapi_ref__@@I@Z 00000001800059b0 f   nanovg_webgl2_api.obj
 0001:00004a90       ?glShaderSource@@YAXPEAUnapi_ref__@@HPEAPEBDPEBH@Z 0000000180005a90 f   nanovg_webgl2_api.obj
 0001:00004bf0       ?glGetUniformLocation@@YAPEAUnapi_ref__@@PEAU1@PEBD@Z 0000000180005bf0 f   nanovg_webgl2_api.obj
 0001:00004ce0       ?glPixelStorei@@YAXIH@Z    0000000180005ce0 f   nanovg_webgl2_api.obj
 0001:00004d90       ?glStencilFunc@@YAXIHI@Z   0000000180005d90 f   nanovg_webgl2_api.obj
 0001:00004e80       ?glStencilMask@@YAXI@Z     0000000180005e80 f   nanovg_webgl2_api.obj
 0001:00004f10       ?glStencilOp@@YAXIII@Z     0000000180005f10 f   nanovg_webgl2_api.obj
 0001:00005010       ?glStencilOpSeparate@@YAXIIII@Z 0000000180006010 f   nanovg_webgl2_api.obj
 0001:00005120       __local_stdio_printf_options 0000000180006120 f i nanovg_webgl2_api.obj
 0001:00005130       printf                     0000000180006130 f i nanovg_webgl2_api.obj
 0001:00005190       ?glTexImage2D@@YAXIHIHHHIIPEAXH@Z 0000000180006190 f   nanovg_webgl2_api.obj
 0001:000053c0       ?glTexImage2D2@@YAXIHIHHHIIPEAXH@Z 00000001800063c0 f   nanovg_webgl2_api.obj
 0001:000054a0       ?glTexParameteri@@YAXIIH@Z 00000001800064a0 f   nanovg_webgl2_api.obj
 0001:000055a0       ?glTexSubImage2D@@YAXIHHHHHIIPEAXH@Z 00000001800065a0 f   nanovg_webgl2_api.obj
 0001:00005780       ?glVertexAttribPointer@@YAXIHIEH_J@Z 0000000180006780 f   nanovg_webgl2_api.obj
 0001:00009210       ?__nvg_beginFrame@@YAPEAUnapi_value__@@PEAUnapi_env__@@PEAUnapi_callback_info__@@@Z 000000018000a210 f   nanovg_webgl2_api.obj
 0001:00009370       ?__nvgEndFrame@@YAPEAUnapi_value__@@PEAUnapi_env__@@PEAUnapi_callback_info__@@@Z 000000018000a370 f   nanovg_webgl2_api.obj
 0001:000094c0       ?__nvg_globalCompositeOperation@@YAPEAUnapi_value__@@PEAUnapi_env__@@PEAUnapi_callback_info__@@@Z 000000018000a4c0 f   nanovg_webgl2_api.obj
 0001:00009540       ?__nvg_globalCompositeBlendFunc@@YAPEAUnapi_value__@@PEAUnapi_env__@@PEAUnapi_callback_info__@@@Z 000000018000a540 f   nanovg_webgl2_api.obj
 0001:000095e0       ?__nvg_globalCompositeBlendFuncSeparate@@YAPEAUnapi_value__@@PEAUnapi_env__@@PEAUnapi_callback_info__@@@Z 000000018000a5e0 f   nanovg_webgl2_api.obj
 0001:000096d0       ?__nvg_blendEquation@@YAPEAUnapi_value__@@PEAUnapi_env__@@PEAUnapi_callback_info__@@@Z 000000018000a6d0 f   nanovg_webgl2_api.obj
 0001:00009750       ?__nvg_blendEquationSeparate@@YAPEAUnapi_value__@@PEAUnapi_env__@@PEAUnapi_callback_info__@@@Z 000000018000a750 f   nanovg_webgl2_api.obj
 0001:000097f0       ?__nvgSave@@YAPEAUnapi_value__@@PEAUnapi_env__@@PEAUnapi_callback_info__@@@Z 000000018000a7f0 f   nanovg_webgl2_api.obj
 0001:00009810       ?__nvgRestore@@YAPEAUnapi_value__@@PEAUnapi_env__@@PEAUnapi_callback_info__@@@Z 000000018000a810 f   nanovg_webgl2_api.obj
 0001:00009840       ?__nvgStrokeColor@@YAPEAUnapi_value__@@PEAUnapi_env__@@PEAUnapi_callback_info__@@@Z 000000018000a840 f   nanovg_webgl2_api.obj
 0001:000099d0       ?__nvgFillColor@@YAPEAUnapi_value__@@PEAUnapi_env__@@PEAUnapi_callback_info__@@@Z 000000018000a9d0 f   nanovg_webgl2_api.obj
 0001:00009b60       ?__nvg_fillPaint@@YAPEAUnapi_value__@@PEAUnapi_env__@@PEAUnapi_callback_info__@@@Z 000000018000ab60 f   nanovg_webgl2_api.obj
 0001:00009c20       ?__nvgStrokeWidth@@YAPEAUnapi_value__@@PEAUnapi_env__@@PEAUnapi_callback_info__@@@Z 000000018000ac20 f   nanovg_webgl2_api.obj
 0001:00009ca0       ?__nvg_translate@@YAPEAUnapi_value__@@PEAUnapi_env__@@PEAUnapi_callback_info__@@@Z 000000018000aca0 f   nanovg_webgl2_api.obj
 0001:00009d80       ?__nvg_rotate@@YAPEAUnapi_value__@@PEAUnapi_env__@@PEAUnapi_callback_info__@@@Z 000000018000ad80 f   nanovg_webgl2_api.obj
 0001:00009e90       ?__nvg_scale@@YAPEAUnapi_value__@@PEAUnapi_env__@@PEAUnapi_callback_info__@@@Z 000000018000ae90 f   nanovg_webgl2_api.obj
 0001:00009f90       ?__nvg_createImageRGBA@@YAPEAUnapi_value__@@PEAUnapi_env__@@PEAUnapi_callback_info__@@@Z 000000018000af90 f   nanovg_webgl2_api.obj
 0001:0000a0d0       ?__nvg_deleteImage@@YAPEAUnapi_value__@@PEAUnapi_env__@@PEAUnapi_callback_info__@@@Z 000000018000b0d0 f   nanovg_webgl2_api.obj
 0001:0000a140       ?__nvg_imagePattern@@YAPEAUnapi_value__@@PEAUnapi_env__@@PEAUnapi_callback_info__@@@Z 000000018000b140 f   nanovg_webgl2_api.obj
 0001:0000a3d0       ?__nvgBeginPath@@YAPEAUnapi_value__@@PEAUnapi_env__@@PEAUnapi_callback_info__@@@Z 000000018000b3d0 f   nanovg_webgl2_api.obj
 0001:0000a400       ?__nvgMoveTo@@YAPEAUnapi_value__@@PEAUnapi_env__@@PEAUnapi_callback_info__@@@Z 000000018000b400 f   nanovg_webgl2_api.obj
 0001:0000a4c0       ?__nvgLineTo@@YAPEAUnapi_value__@@PEAUnapi_env__@@PEAUnapi_callback_info__@@@Z 000000018000b4c0 f   nanovg_webgl2_api.obj
 0001:0000a590       ?__nvgClosePath@@YAPEAUnapi_value__@@PEAUnapi_env__@@PEAUnapi_callback_info__@@@Z 000000018000b590 f   nanovg_webgl2_api.obj
 0001:0000a5d0       ?__nvgFill@@YAPEAUnapi_value__@@PEAUnapi_env__@@PEAUnapi_callback_info__@@@Z 000000018000b5d0 f   nanovg_webgl2_api.obj
 0001:0000a790       ?__nvgStroke@@YAPEAUnapi_value__@@PEAUnapi_env__@@PEAUnapi_callback_info__@@@Z 000000018000b790 f   nanovg_webgl2_api.obj
 0001:0000a7b0       ?__nvg_freePaint@@YAPEAUnapi_value__@@PEAUnapi_env__@@PEAUnapi_callback_info__@@@Z 000000018000b7b0 f   nanovg_webgl2_api.obj
 0001:0000a840       ?__nanovg_webgl2_init@@YAPEAUnapi_value__@@PEAUnapi_env__@@PEAUnapi_callback_info__@@@Z 000000018000b840 f   nanovg_webgl2_api.obj
 0001:0000b200       ?Init@@YAPEAUnapi_value__@@PEAUnapi_env__@@PEAU1@@Z 000000018000c200 f   nanovg_webgl2_api.obj
 0001:0000b2d0       ??$_Emplace_reallocate@AEBH@?$vector@HV?$allocator@H@std@@@std@@QEAAPEAHQEAHAEBH@Z 000000018000c2d0 f i nanovg_webgl2_api.obj
 0001:0000b480       ?_Xlength@?$vector@HV?$allocator@H@std@@@std@@CAXXZ 000000018000c480 f i nanovg_webgl2_api.obj
 0001:0000b970       fonsCreateInternal         000000018000c970 f   nanovg.obj
 0001:0000bc20       fonsDeleteInternal         000000018000cc20 f   nanovg.obj
 0001:0000be70       nvgCreateInternal          000000018000ce70 f   nanovg.obj
 0001:0000c100       nvgDeleteInternal          000000018000d100 f   nanovg.obj
 0001:0000c1e0       nvgTransformMultiply       000000018000d1e0 f   nanovg.obj
 0001:0000c2e0       nvgTransformInverse        000000018000d2e0 f   nanovg.obj
 0001:0000c430       nvgSave                    000000018000d430 f   nanovg.obj
 0001:0000c4f0       nvgReset                   000000018000d4f0 f   nanovg.obj
 0001:0000f1c0       nvgStroke                  00000001800101c0 f   nanovg.obj
 0001:0000f45c       ??0bad_alloc@std@@QEAA@AEBV01@@Z 000000018001045c f i libcpmt:xthrow.obj
 0001:0000f49c       ??0bad_alloc@std@@QEAA@XZ  000000018001049c f i libcpmt:xthrow.obj
 0001:0000f4bc       ??0exception@std@@QEAA@AEBV01@@Z 00000001800104bc f i libcpmt:xthrow.obj
 0001:0000f4f4       ??0length_error@std@@QEAA@AEBV01@@Z 00000001800104f4 f i libcpmt:xthrow.obj
 0001:0000f534       ??0length_error@std@@QEAA@PEBD@Z 0000000180010534 f i libcpmt:xthrow.obj
 0001:0000f580       ??0logic_error@std@@QEAA@AEBV01@@Z 0000000180010580 f i libcpmt:xthrow.obj
 0001:0000f5c0       ??1bad_alloc@std@@UEAA@XZ  00000001800105c0 f i libcpmt:xthrow.obj
 0001:0000f5c0       ??1length_error@std@@UEAA@XZ 00000001800105c0 f i libcpmt:xthrow.obj
 0001:0000f5c0       ??1bad_array_new_length@std@@UEAA@XZ 00000001800105c0 f i LIBCMT:throw_bad_alloc.obj
 0001:0000f5d4       ??_Gbad_array_new_length@std@@UEAAPEAXI@Z 00000001800105d4 f i LIBCMT:throw_bad_alloc.obj
 0001:0000f5d4       ??_Eexception@std@@UEAAPEAXI@Z 00000001800105d4 f i libcpmt:xthrow.obj
 0001:0000f5d4       ??_Elength_error@std@@UEAAPEAXI@Z 00000001800105d4 f i libcpmt:xthrow.obj
 0001:0000f5d4       ??_Ebad_array_new_length@std@@UEAAPEAXI@Z 00000001800105d4 f i LIBCMT:throw_bad_alloc.obj
 0001:0000f5d4       ??_Ebad_alloc@std@@UEAAPEAXI@Z 00000001800105d4 f i libcpmt:xthrow.obj
 0001:0000f5d4       ??_Glength_error@std@@UEAAPEAXI@Z 00000001800105d4 f i libcpmt:xthrow.obj
 0001:0000f5d4       ??_Gexception@std@@UEAAPEAXI@Z 00000001800105d4 f i libcpmt:xthrow.obj
 0001:0000f5d4       ??_Glogic_error@std@@UEAAPEAXI@Z 00000001800105d4 f i libcpmt:xthrow.obj
 0001:0000f5d4       ??_Elogic_error@std@@UEAAPEAXI@Z 00000001800105d4 f i libcpmt:xthrow.obj
 0001:0000f5d4       ??_Gbad_alloc@std@@UEAAPEAXI@Z 00000001800105d4 f i libcpmt:xthrow.obj
 0001:0000f618       ?_Xlength_error@std@@YAXPEBD@Z 0000000180010618 f   libcpmt:xthrow.obj
 0001:0000f63c       ?what@exception@std@@UEBAPEBDXZ 000000018001063c f i libcpmt:xthrow.obj
 0001:0000f660       __security_check_cookie    0000000180010660 f   LIBCMT:amdsecgs.obj
 0001:0000f684       __raise_securityfailure    0000000180010684 f   LIBCMT:gs_report.obj
 0001:0000f6b8       __report_gsfailure         00000001800106b8 f   LIBCMT:gs_report.obj
 0001:0000f78c       __report_rangecheckfailure 000000018001078c f   LIBCMT:gs_report.obj
 0001:0000f7a0       __report_securityfailure   00000001800107a0 f   LIBCMT:gs_report.obj
 0001:0000f920       ??2@YAPEAX_K@Z             0000000180010920 f   LIBCMT:new_scalar.obj
 0001:0000f95c       __scrt_acquire_startup_lock 000000018001095c f   LIBCMT:utility.obj
 0001:0000f998       __scrt_dllmain_after_initialize_c 0000000180010998 f   LIBCMT:utility.obj
 0001:0000f9cc       __scrt_dllmain_before_initialize_c 00000001800109cc f   LIBCMT:utility.obj
 0001:0000f9e4       __scrt_dllmain_crt_thread_attach 00000001800109e4 f   LIBCMT:utility.obj
 0001:0000fa0c       __scrt_dllmain_crt_thread_detach 0000000180010a0c f   LIBCMT:utility.obj
 0001:0000fa24       __scrt_dllmain_exception_filter 0000000180010a24 f   LIBCMT:utility.obj
 0001:0000fa84       __scrt_dllmain_uninitialize_c 0000000180010a84 f   LIBCMT:utility.obj
 0001:0000fab4       __scrt_dllmain_uninitialize_critical 0000000180010ab4 f   LIBCMT:utility.obj
 0001:0000fac8       __scrt_initialize_crt      0000000180010ac8 f   LIBCMT:utility.obj
 0001:0000fb14       __scrt_initialize_onexit_tables 0000000180010b14 f   LIBCMT:utility.obj
 0001:0000fbec       __scrt_is_nonwritable_in_current_image 0000000180010bec f   LIBCMT:utility.obj
 0001:0000fc88       __scrt_release_startup_lock 0000000180010c88 f   LIBCMT:utility.obj
 0001:0000fcac       __scrt_uninitialize_crt    0000000180010cac f   LIBCMT:utility.obj
 0001:0000fcd8       _onexit                    0000000180010cd8 f   LIBCMT:utility.obj
 0001:0000fd28       atexit                     0000000180010d28 f   LIBCMT:utility.obj
 0001:0000fd40       ??3@YAXPEAX_K@Z            0000000180010d40 f   LIBCMT:delete_scalar_size.obj
 0001:0000fd48       ??_U@YAPEAX_K@Z            0000000180010d48 f   LIBCMT:new_array.obj
 0001:00010080       _DllMainCRTStartup         0000000180011080 f   LIBCMT:dll_dllmain.obj
 0001:000100c0       ??_Gtype_info@@UEAAPEAXI@Z 00000001800110c0 f i LIBCMT:std_type_info_static.obj
 0001:000100c0       ??_Etype_info@@UEAAPEAXI@Z 00000001800110c0 f i LIBCMT:std_type_info_static.obj
 0001:000100ec       ??0bad_array_new_length@std@@QEAA@AEBV01@@Z 00000001800110ec f i LIBCMT:throw_bad_alloc.obj
 0001:0001012c       ??0bad_array_new_length@std@@QEAA@XZ 000000018001112c f i LIBCMT:throw_bad_alloc.obj
 0001:0001014c       ?__scrt_throw_std_bad_alloc@@YAXXZ 000000018001114c f   LIBCMT:throw_bad_alloc.obj
 0001:0001016c       ?__scrt_throw_std_bad_array_new_length@@YAXXZ 000000018001116c f   LIBCMT:throw_bad_alloc.obj
 0001:0001018c       __isa_available_init       000000018001118c f   LIBCMT:cpu_disp.obj
 0001:00010348       DllMain                    0000000180011348 f   LIBCMT:dll_dllmain_stub.obj
 0001:00010348       _get_startup_argv_mode     0000000180011348 f   LIBCMT:argv_mode.obj
 0001:00010350       __scrt_is_ucrt_dll_in_use  0000000180011350 f   LIBCMT:ucrt_detection.obj
 0001:0001035c       __crt_debugger_hook        000000018001135c f   LIBCMT:utility_desktop.obj
 0001:00010364       __scrt_fastfail            0000000180011364 f   LIBCMT:utility_desktop.obj
 0001:000104b0       _guard_check_icall_nop     00000001800114b0 f i LIBCMT:guard_support.obj
 0001:000104b4       ??3@YAXPEAX@Z              00000001800114b4 f   LIBCMT:delete_scalar.obj
 0001:000104bc       __security_init_cookie     00000001800114bc f   LIBCMT:gs_support.obj
 0001:00010568       ?__scrt_initialize_type_info@@YAXXZ 0000000180011568 f   LIBCMT:tncleanup.obj
 0001:00010578       ?__scrt_uninitialize_type_info@@YAXXZ 0000000180011578 f   LIBCMT:tncleanup.obj
 0001:00010584       __local_stdio_scanf_options 0000000180011584 f i LIBCMT:default_local_stdio_options.obj
 0001:0001058c       __scrt_initialize_default_local_stdio_options 000000018001158c f   LIBCMT:default_local_stdio_options.obj
 0001:000105a8       __scrt_get_dyn_tls_init_callback 00000001800115a8 f   LIBCMT:dyn_tls_init.obj
 0001:000105b0       _RTC_Initialize            00000001800115b0 f   LIBCMT:initsect.obj
 0001:000105ec       _RTC_Terminate             00000001800115ec f   LIBCMT:initsect.obj
 0001:00010630       __std_exception_copy       0000000180011630 f   libvcruntime:std_exception.obj
 0001:000106c0       __std_exception_destroy    00000001800116c0 f   libvcruntime:std_exception.obj
 0001:000106e8       _CxxThrowException         00000001800116e8 f   libvcruntime:throw.obj
 0001:000107a8       __vcrt_initialize          00000001800117a8 f   libvcruntime:initialization.obj
 0001:000107dc       __vcrt_thread_attach       00000001800117dc f   libvcruntime:initialization.obj
 0001:000107f0       __vcrt_thread_detach       00000001800117f0 f   libvcruntime:initialization.obj
 0001:00010804       __vcrt_uninitialize        0000000180011804 f   libvcruntime:initialization.obj
 0001:00010824       __vcrt_uninitialize_critical 0000000180011824 f   libvcruntime:initialization.obj
 0001:00010834       __C_specific_handler       0000000180011834 f   libvcruntime:riscchandler.obj
 0001:00010a50       memset_repmovs             0000000180011a50 f   libvcruntime:memset.obj
 0001:00010a70       memset                     0000000180011a70 f   libvcruntime:memset.obj
 0001:00010c00       __std_type_info_destroy_list 0000000180011c00 f   libvcruntime:std_type_info.obj
 0001:00010c2c       __vcrt_freefls             0000000180011c2c f   libvcruntime:per_thread_data.obj
 0001:00010c4c       __vcrt_freeptd             0000000180011c4c f   libvcruntime:per_thread_data.obj
 0001:00010c9c       __vcrt_getptd_noexit       0000000180011c9c f   libvcruntime:per_thread_data.obj
 0001:00010d68       __vcrt_initialize_ptd      0000000180011d68 f   libvcruntime:per_thread_data.obj
 0001:00010dbc       __vcrt_uninitialize_ptd    0000000180011dbc f   libvcruntime:per_thread_data.obj
 0001:00010de0       __vcrt_initialize_locks    0000000180011de0 f   libvcruntime:locks.obj
 0001:00010e28       __vcrt_uninitialize_locks  0000000180011e28 f   libvcruntime:locks.obj
 0001:00011038       __vcrt_FlsAlloc            0000000180012038 f   libvcruntime:winapi_downlevel.obj
 0001:00011080       __vcrt_FlsFree             0000000180012080 f   libvcruntime:winapi_downlevel.obj
 0001:000110c8       __vcrt_FlsGetValue         00000001800120c8 f   libvcruntime:winapi_downlevel.obj
 0001:00011110       __vcrt_FlsSetValue         0000000180012110 f   libvcruntime:winapi_downlevel.obj
 0001:00011164       __vcrt_InitializeCriticalSectionEx 0000000180012164 f   libvcruntime:winapi_downlevel.obj
 0001:000111c8       __vcrt_initialize_winapi_thunks 00000001800121c8 f   libvcruntime:winapi_downlevel.obj
 0001:000111f8       __vcrt_uninitialize_winapi_thunks 00000001800121f8 f   libvcruntime:winapi_downlevel.obj
 0001:00011238       __vcrt_initialize_pure_virtual_call_handler 0000000180012238 f   libvcruntime:purevirt_data.obj
 0001:00011260       _NLG_Notify                0000000180012260 f   libvcruntime:notify.obj
 0001:00011280       __NLG_Dispatch2            0000000180012280 f   libvcruntime:notify.obj
 0001:00011290       __NLG_Return2              0000000180012290 f   libvcruntime:notify.obj
 0001:00011294       __except_validate_context_record 0000000180012294 f   libvcruntime:jbcxrval.obj
 0001:000112cc       __DestructExceptionObject  00000001800122cc f   libvcruntime:ehhelpers.obj
 0001:00011340       ?_CallMemberFunction0@@YAXQEAX0@Z 0000000180012340 f i libvcruntime:ehhelpers.obj
 0001:00011360       memcpy_repmovs             0000000180012360 f   libvcruntime:memcpy.obj
 0001:00011380       memcpy                     0000000180012380 f   libvcruntime:memcpy.obj
 0001:00011380       memmove                    0000000180012380 f   libvcruntime:memcpy.obj
 0001:000117d0       _CallSettingFrame          00000001800127d0 f   libvcruntime:handlers.obj
 0001:00011820       _CallSettingFrameEncoded   0000000180012820 f   libvcruntime:handlers.obj
 0001:00011868       rand                       0000000180012868 f   libucrt:rand.obj
 0001:00011894       srand                      0000000180012894 f   libucrt:rand.obj
 0001:000118ac       __acrt_initialize_stdio    00000001800128ac f   libucrt:_file.obj
 0001:000119cc       __acrt_iob_func            00000001800129cc f   libucrt:_file.obj
 0001:000119e0       __acrt_uninitialize_stdio  00000001800129e0 f   libucrt:_file.obj
 0001:00011a3c       _lock_file                 0000000180012a3c f   libucrt:_file.obj
 0001:00011a48       _unlock_file               0000000180012a48 f   libucrt:_file.obj
 0001:00011a54       realloc                    0000000180012a54 f   libucrt:realloc.obj
 0001:00011cb0       ??$ensure_buffer_is_big_enough@D@formatting_buffer@__crt_stdio_output@@QEAA_N_K@Z 0000000180012cb0 f i libucrt:output.obj
 0001:00011d58       ??$ensure_buffer_is_big_enough@_W@formatting_buffer@__crt_stdio_output@@QEAA_N_K@Z 0000000180012d58 f i libucrt:output.obj
 0001:00011e04       ??$is_wide_character_specifier@_W@__crt_stdio_output@@YA_N_K_WW4length_modifier@0@@Z 0000000180012e04 f i libucrt:output.obj
 0001:00011e44       ??$type_case_integer_parse_into_buffer@I@?$output_processor@DV?$stream_output_adapter@D@__crt_stdio_output@@V?$standard_base@DV?$stream_output_adapter@D@__crt_stdio_output@@@2@@__crt_stdio_output@@AEAAXII_N@Z 0000000180012e44 f i libucrt:output.obj
 0001:00011ed4       ??$type_case_integer_parse_into_buffer@I@?$output_processor@_WV?$stream_output_adapter@_W@__crt_stdio_output@@V?$standard_base@_WV?$stream_output_adapter@_W@__crt_stdio_output@@@2@@__crt_stdio_output@@AEAAXII_N@Z 0000000180012ed4 f i libucrt:output.obj
 0001:00011ed4       ??$type_case_integer_parse_into_buffer@I@?$output_processor@_WV?$string_output_adapter@_W@__crt_stdio_output@@V?$standard_base@_WV?$string_output_adapter@_W@__crt_stdio_output@@@2@@__crt_stdio_output@@AEAAXII_N@Z 0000000180012ed4 f i libucrt:output.obj
 0001:00011f78       ??$type_case_integer_parse_into_buffer@_K@?$output_processor@DV?$stream_output_adapter@D@__crt_stdio_output@@V?$standard_base@DV?$stream_output_adapter@D@__crt_stdio_output@@@2@@__crt_stdio_output@@AEAAX_KI_N@Z 0000000180012f78 f i libucrt:output.obj
 0001:0001200c       ??$type_case_integer_parse_into_buffer@_K@?$output_processor@_WV?$string_output_adapter@_W@__crt_stdio_output@@V?$standard_base@_WV?$string_output_adapter@_W@__crt_stdio_output@@@2@@__crt_stdio_output@@AEAAX_KI_N@Z 000000018001300c f i libucrt:output.obj
 0001:0001200c       ??$type_case_integer_parse_into_buffer@_K@?$output_processor@_WV?$stream_output_adapter@_W@__crt_stdio_output@@V?$standard_base@_WV?$stream_output_adapter@_W@__crt_stdio_output@@@2@@__crt_stdio_output@@AEAAX_KI_N@Z 000000018001300c f i libucrt:output.obj
 0001:000120b0       ??$write_multiple_characters@V?$stream_output_adapter@D@__crt_stdio_output@@D@__crt_stdio_output@@YAXAEBV?$stream_output_adapter@D@0@DHQEAH@Z 00000001800130b0 f i libucrt:output.obj
 0001:0001213c       ??$write_multiple_characters@V?$stream_output_adapter@_W@__crt_stdio_output@@D@__crt_stdio_output@@YAXAEBV?$stream_output_adapter@_W@0@DHQEAH@Z 000000018001313c f i libucrt:output.obj
 0001:000121d0       ??$write_multiple_characters@V?$string_output_adapter@_W@__crt_stdio_output@@D@__crt_stdio_output@@YAXAEBV?$string_output_adapter@_W@0@DHQEAH@Z 00000001800131d0 f i libucrt:output.obj
 0001:0001224c       ??0_LocaleUpdate@@QEAA@QEAU__crt_locale_pointers@@@Z 000000018001324c f i libucrt:output.obj
 0001:0001254c       ?crop_zeroes@__crt_stdio_output@@YAXPEADQEAU__crt_locale_pointers@@@Z 000000018001354c f i libucrt:output.obj
 0001:000125b8       ?force_decimal_point@__crt_stdio_output@@YAXPEADQEAU__crt_locale_pointers@@@Z 00000001800135b8 f i libucrt:output.obj
 0001:00012628       ?parse_int_from_format_string@?$output_processor@DV?$stream_output_adapter@D@__crt_stdio_output@@V?$standard_base@DV?$stream_output_adapter@D@__crt_stdio_output@@@2@@__crt_stdio_output@@AEAA_NQEAH@Z 0000000180013628 f i libucrt:output.obj
 0001:000126cc       ?parse_int_from_format_string@?$output_processor@_WV?$string_output_adapter@_W@__crt_stdio_output@@V?$standard_base@_WV?$string_output_adapter@_W@__crt_stdio_output@@@2@@__crt_stdio_output@@AEAA_NQEAH@Z 00000001800136cc f i libucrt:output.obj
 0001:000126cc       ?parse_int_from_format_string@?$output_processor@_WV?$stream_output_adapter@_W@__crt_stdio_output@@V?$standard_base@_WV?$stream_output_adapter@_W@__crt_stdio_output@@@2@@__crt_stdio_output@@AEAA_NQEAH@Z 00000001800136cc f i libucrt:output.obj
 0001:00012770       ?process@?$output_processor@DV?$stream_output_adapter@D@__crt_stdio_output@@V?$standard_base@DV?$stream_output_adapter@D@__crt_stdio_output@@@2@@__crt_stdio_output@@QEAAHXZ 0000000180013770 f i libucrt:output.obj
 0001:00012988       ?process@?$output_processor@_WV?$stream_output_adapter@_W@__crt_stdio_output@@V?$standard_base@_WV?$stream_output_adapter@_W@__crt_stdio_output@@@2@@__crt_stdio_output@@QEAAHXZ 0000000180013988 f i libucrt:output.obj
 0001:00012bf4       ?process@?$output_processor@_WV?$string_output_adapter@_W@__crt_stdio_output@@V?$standard_base@_WV?$string_output_adapter@_W@__crt_stdio_output@@@2@@__crt_stdio_output@@QEAAHXZ 0000000180013bf4 f i libucrt:output.obj
 0001:00012e70       ?state_case_normal@?$output_processor@DV?$stream_output_adapter@D@__crt_stdio_output@@V?$standard_base@DV?$stream_output_adapter@D@__crt_stdio_output@@@2@@__crt_stdio_output@@AEAA_NXZ 0000000180013e70 f i libucrt:output.obj
 0001:00012ee0       ?state_case_normal_tchar@?$output_processor@DV?$stream_output_adapter@D@__crt_stdio_output@@V?$standard_base@DV?$stream_output_adapter@D@__crt_stdio_output@@@2@@__crt_stdio_output@@AEAA_ND@Z 0000000180013ee0 f i libucrt:output.obj
 0001:00012f84       ?state_case_size@?$output_processor@DV?$stream_output_adapter@D@__crt_stdio_output@@V?$standard_base@DV?$stream_output_adapter@D@__crt_stdio_output@@@2@@__crt_stdio_output@@AEAA_NXZ 0000000180013f84 f i libucrt:output.obj
 0001:000130f8       ?state_case_size@?$output_processor@_WV?$stream_output_adapter@_W@__crt_stdio_output@@V?$standard_base@_WV?$stream_output_adapter@_W@__crt_stdio_output@@@2@@__crt_stdio_output@@AEAA_NXZ 00000001800140f8 f i libucrt:output.obj
 0001:00013290       ?state_case_size@?$output_processor@_WV?$string_output_adapter@_W@__crt_stdio_output@@V?$standard_base@_WV?$string_output_adapter@_W@__crt_stdio_output@@@2@@__crt_stdio_output@@AEAA_NXZ 0000000180014290 f i libucrt:output.obj
 0001:00013428       ?state_case_type@?$output_processor@DV?$stream_output_adapter@D@__crt_stdio_output@@V?$standard_base@DV?$stream_output_adapter@D@__crt_stdio_output@@@2@@__crt_stdio_output@@AEAA_NXZ 0000000180014428 f i libucrt:output.obj
 0001:000136ac       ?state_case_type@?$output_processor@_WV?$stream_output_adapter@_W@__crt_stdio_output@@V?$standard_base@_WV?$stream_output_adapter@_W@__crt_stdio_output@@@2@@__crt_stdio_output@@AEAA_NXZ 00000001800146ac f i libucrt:output.obj
 0001:0001398c       ?state_case_type@?$output_processor@_WV?$string_output_adapter@_W@__crt_stdio_output@@V?$standard_base@_WV?$string_output_adapter@_W@__crt_stdio_output@@@2@@__crt_stdio_output@@AEAA_NXZ 000000018001498c f i libucrt:output.obj
 0001:00013c58       ?type_case_Z@?$output_processor@DV?$stream_output_adapter@D@__crt_stdio_output@@V?$standard_base@DV?$stream_output_adapter@D@__crt_stdio_output@@@2@@__crt_stdio_output@@AEAA_NXZ 0000000180014c58 f i libucrt:output.obj
 0001:00013cd0       ?type_case_Z@?$output_processor@_WV?$stream_output_adapter@_W@__crt_stdio_output@@V?$standard_base@_WV?$stream_output_adapter@_W@__crt_stdio_output@@@2@@__crt_stdio_output@@AEAA_NXZ 0000000180014cd0 f i libucrt:output.obj
 0001:00013cd0       ?type_case_Z@?$output_processor@_WV?$string_output_adapter@_W@__crt_stdio_output@@V?$standard_base@_WV?$string_output_adapter@_W@__crt_stdio_output@@@2@@__crt_stdio_output@@AEAA_NXZ 0000000180014cd0 f i libucrt:output.obj
 0001:00013d4c       ?type_case_a@?$output_processor@DV?$stream_output_adapter@D@__crt_stdio_output@@V?$standard_base@DV?$stream_output_adapter@D@__crt_stdio_output@@@2@@__crt_stdio_output@@AEAA_NXZ 0000000180014d4c f i libucrt:output.obj
 0001:00013f08       ?type_case_a@?$output_processor@_WV?$string_output_adapter@_W@__crt_stdio_output@@V?$standard_base@_WV?$string_output_adapter@_W@__crt_stdio_output@@@2@@__crt_stdio_output@@AEAA_NXZ 0000000180014f08 f i libucrt:output.obj
 0001:00013f08       ?type_case_a@?$output_processor@_WV?$stream_output_adapter@_W@__crt_stdio_output@@V?$standard_base@_WV?$stream_output_adapter@_W@__crt_stdio_output@@@2@@__crt_stdio_output@@AEAA_NXZ 0000000180014f08 f i libucrt:output.obj
 0001:000140e8       ?type_case_c_tchar@?$output_processor@DV?$stream_output_adapter@D@__crt_stdio_output@@V?$standard_base@DV?$stream_output_adapter@D@__crt_stdio_output@@@2@@__crt_stdio_output@@AEAA_ND@Z 00000001800150e8 f i libucrt:output.obj
 0001:000141a4       ?type_case_c_tchar@?$output_processor@_WV?$string_output_adapter@_W@__crt_stdio_output@@V?$standard_base@_WV?$string_output_adapter@_W@__crt_stdio_output@@@2@@__crt_stdio_output@@AEAA_N_W@Z 00000001800151a4 f i libucrt:output.obj
 0001:000141a4       ?type_case_c_tchar@?$output_processor@_WV?$stream_output_adapter@_W@__crt_stdio_output@@V?$standard_base@_WV?$stream_output_adapter@_W@__crt_stdio_output@@@2@@__crt_stdio_output@@AEAA_N_W@Z 00000001800151a4 f i libucrt:output.obj
 0001:0001424c       ?type_case_integer@?$output_processor@DV?$stream_output_adapter@D@__crt_stdio_output@@V?$standard_base@DV?$stream_output_adapter@D@__crt_stdio_output@@@2@@__crt_stdio_output@@AEAA_NI_N@Z 000000018001524c f i libucrt:output.obj
 0001:00014414       ?type_case_integer@?$output_processor@_WV?$string_output_adapter@_W@__crt_stdio_output@@V?$standard_base@_WV?$string_output_adapter@_W@__crt_stdio_output@@@2@@__crt_stdio_output@@AEAA_NI_N@Z 0000000180015414 f i libucrt:output.obj
 0001:00014414       ?type_case_integer@?$output_processor@_WV?$stream_output_adapter@_W@__crt_stdio_output@@V?$standard_base@_WV?$stream_output_adapter@_W@__crt_stdio_output@@@2@@__crt_stdio_output@@AEAA_NI_N@Z 0000000180015414 f i libucrt:output.obj
 0001:000145e0       ?type_case_n@?$output_processor@DV?$stream_output_adapter@D@__crt_stdio_output@@V?$standard_base@DV?$stream_output_adapter@D@__crt_stdio_output@@@2@@__crt_stdio_output@@AEAA_NXZ 00000001800155e0 f i libucrt:output.obj
 0001:000145e0       ?type_case_n@?$output_processor@_WV?$string_output_adapter@_W@__crt_stdio_output@@V?$standard_base@_WV?$string_output_adapter@_W@__crt_stdio_output@@@2@@__crt_stdio_output@@AEAA_NXZ 00000001800155e0 f i libucrt:output.obj
 0001:000145e0       ?type_case_n@?$output_processor@_WV?$stream_output_adapter@_W@__crt_stdio_output@@V?$standard_base@_WV?$stream_output_adapter@_W@__crt_stdio_output@@@2@@__crt_stdio_output@@AEAA_NXZ 00000001800155e0 f i libucrt:output.obj
 0001:000146bc       ?type_case_s@?$output_processor@DV?$stream_output_adapter@D@__crt_stdio_output@@V?$standard_base@DV?$stream_output_adapter@D@__crt_stdio_output@@@2@@__crt_stdio_output@@AEAA_NXZ 00000001800156bc f i libucrt:output.obj
 0001:00014754       ?type_case_s@?$output_processor@_WV?$string_output_adapter@_W@__crt_stdio_output@@V?$standard_base@_WV?$string_output_adapter@_W@__crt_stdio_output@@@2@@__crt_stdio_output@@AEAA_NXZ 0000000180015754 f i libucrt:output.obj
 0001:00014754       ?type_case_s@?$output_processor@_WV?$stream_output_adapter@_W@__crt_stdio_output@@V?$standard_base@_WV?$stream_output_adapter@_W@__crt_stdio_output@@@2@@__crt_stdio_output@@AEAA_NXZ 0000000180015754 f i libucrt:output.obj
 0001:0001481c       ?validate_stream_is_ansi_if_required@?$__acrt_stdio_char_traits@D@@SA_NQEAU_iobuf@@@Z 000000018001581c f i libucrt:output.obj
 0001:000148b8       ?write_stored_string_tchar@?$output_processor@DV?$stream_output_adapter@D@__crt_stdio_output@@V?$standard_base@DV?$stream_output_adapter@D@__crt_stdio_output@@@2@@__crt_stdio_output@@AEAA_ND@Z 00000001800158b8 f i libucrt:output.obj
 0001:000149dc       ?write_stored_string_tchar@?$output_processor@_WV?$stream_output_adapter@_W@__crt_stdio_output@@V?$standard_base@_WV?$stream_output_adapter@_W@__crt_stdio_output@@@2@@__crt_stdio_output@@AEAA_N_W@Z 00000001800159dc f i libucrt:output.obj
 0001:00014ae4       ?write_stored_string_tchar@?$output_processor@_WV?$string_output_adapter@_W@__crt_stdio_output@@V?$standard_base@_WV?$string_output_adapter@_W@__crt_stdio_output@@@2@@__crt_stdio_output@@AEAA_N_W@Z 0000000180015ae4 f i libucrt:output.obj
 0001:00014bd0       ?write_string@?$string_output_adapter@_W@__crt_stdio_output@@QEBAXQEB_WHQEAHAEAV__crt_deferred_errno_cache@@@Z 0000000180015bd0 f i libucrt:output.obj
 0001:00014c78       ?write_string_impl@?$output_adapter_common@DV?$stream_output_adapter@D@__crt_stdio_output@@@__crt_stdio_output@@IEBAXQEBDHQEAHAEAV__crt_deferred_errno_cache@@@Z 0000000180015c78 f i libucrt:output.obj
 0001:00014d70       ?write_string_impl@?$output_adapter_common@_WV?$stream_output_adapter@_W@__crt_stdio_output@@@__crt_stdio_output@@IEBAXQEB_WHQEAHAEAV__crt_deferred_errno_cache@@@Z 0000000180015d70 f i libucrt:output.obj
 0001:00014e74       __stdio_common_vfprintf    0000000180015e74 f   libucrt:output.obj
 0001:00014f00       __stdio_common_vfwprintf   0000000180015f00 f   libucrt:output.obj
 0001:00014f8c       __stdio_common_vswprintf   0000000180015f8c f   libucrt:output.obj
 0001:0001502c       _time64                    000000018001602c f   libucrt:time.obj
 0001:0001506c       free                       000000018001606c f   libucrt:free.obj
 0001:00015798       ??$ftprintf@PEAU_iobuf@@PEB_WAEBQEB_WAEBQEB_WAEBI@?$__crt_char_traits@_W@@SAH$$QEAPEAU_iobuf@@$$QEAPEB_WAEBQEB_W2AEBI@Z 0000000180016798 f i libucrt:assert.obj
 0001:000157c0       _wassert                   00000001800167c0 f   libucrt:assert.obj
 0001:00015834       fwprintf                   0000000180016834 f i libucrt:assert.obj
 0001:00015878       swprintf                   0000000180016878 f i libucrt:assert.obj
 0001:000158cc       __acrt_call_reportfault    00000001800168cc f   libucrt:invalid_parameter.obj
 0001:00015a28       __acrt_initialize_invalid_parameter_handler 0000000180016a28 f   libucrt:invalid_parameter.obj
 0001:00015a30       _invalid_parameter         0000000180016a30 f   libucrt:invalid_parameter.obj
 0001:00015ae0       _invalid_parameter_noinfo  0000000180016ae0 f   libucrt:invalid_parameter.obj
 0001:00015b00       _invalid_parameter_noinfo_noreturn 0000000180016b00 f   libucrt:invalid_parameter.obj
 0001:00015b30       _invoke_watson             0000000180016b30 f   libucrt:invalid_parameter.obj
 0001:00015b78       malloc                     0000000180016b78 f   libucrt:malloc.obj
 0001:00015b80       _fclose_nolock             0000000180016b80 f   libucrt:fclose.obj
 0001:00015c04       fclose                     0000000180016c04 f   libucrt:fclose.obj
 0001:00015c80       strncpy                    0000000180016c80 f   libucrt:strncpy.obj
 0001:00015e00       strncmp                    0000000180016e00 f   libucrt:strncmp.obj
 0001:00015e80       ??$parse_integer@KV?$c_string_character_source@D@__crt_strtox@@@__crt_strtox@@YAKQEAU__crt_locale_pointers@@V?$c_string_character_source@D@0@H_N@Z 0000000180016e80 f i libucrt:strtox.obj
 0001:000161bc       ??$parse_integer@KV?$c_string_character_source@_W@__crt_strtox@@@__crt_strtox@@YAKQEAU__crt_locale_pointers@@V?$c_string_character_source@_W@0@H_N@Z 00000001800171bc f i libucrt:strtox.obj
 0001:00016870       strtol                     0000000180017870 f   libucrt:strtox.obj
 0001:0001689c       wcstol                     000000018001789c f   libucrt:strtox.obj
 0001:000168c8       __acrt_initialize_new_handler 00000001800178c8 f   libucrt:new_handler.obj
 0001:000168d0       _callnewh                  00000001800178d0 f   libucrt:new_handler.obj
 0001:00016900       _query_new_handler         0000000180017900 f   libucrt:new_handler.obj
 0001:00016934       _seh_filter_dll            0000000180017934 f   libucrt:exception_filter.obj
 0001:00016948       _seh_filter_exe            0000000180017948 f   libucrt:exception_filter.obj
 0001:00016d38       __acrt_initialize_thread_local_exit_callback 0000000180017d38 f   libucrt:exit.obj
 0001:00016d40       _cexit                     0000000180017d40 f   libucrt:exit.obj
 0001:00016d50       _exit                      0000000180017d50 f   libucrt:exit.obj
 0001:00016d5c       _is_c_termination_complete 0000000180017d5c f   libucrt:exit.obj
 0001:00016f28       __acrt_allocate_buffer_for_argv 0000000180017f28 f   libucrt:argv_parsing.obj
 0001:00016f88       _configure_narrow_argv     0000000180017f88 f   libucrt:argv_parsing.obj
 0001:00017300       __dcrt_uninitialize_environments_nolock 0000000180018300 f   libucrt:environment_initialization.obj
 0001:00017338       _initialize_narrow_environment 0000000180018338 f   libucrt:environment_initialization.obj
 0001:00017680       _crt_atexit                0000000180018680 f   libucrt:onexit.obj
 0001:00017690       _execute_onexit_table      0000000180018690 f   libucrt:onexit.obj
 0001:000176cc       _initialize_onexit_table   00000001800186cc f   libucrt:onexit.obj
 0001:000176f4       _register_onexit_function  00000001800186f4 f   libucrt:onexit.obj
 0001:00017774       __acrt_uninitialize_command_line 0000000180018774 f   libucrt:argv_data.obj
 0001:0001786c       __acrt_initialize          000000018001886c f   libucrt:initialization.obj
 0001:00017880       __acrt_thread_attach       0000000180018880 f   libucrt:initialization.obj
 0001:00017894       __acrt_thread_detach       0000000180018894 f   libucrt:initialization.obj
 0001:000178a4       __acrt_uninitialize        00000001800188a4 f   libucrt:initialization.obj
 0001:000178dc       __acrt_uninitialize_critical 00000001800188dc f   libucrt:initialization.obj
 0001:000178ec       _initterm                  00000001800188ec f   libucrt:initterm.obj
 0001:00017950       _initterm_e                0000000180018950 f   libucrt:initterm.obj
 0001:00017990       terminate                  0000000180018990 f   libucrt:terminate.obj
 0001:000179b0       strcpy_s                   00000001800189b0 f   libucrt:strcpy_s.obj
 0001:00017a10       abort                      0000000180018a10 f   libucrt:abort.obj
 0001:00017a68       calloc                     0000000180018a68 f   libucrt:calloc.obj
 0001:00017a70       wcsncmp                    0000000180018a70 f   libucrt:wcsncmp.obj
 0001:00017e14       __acrt_freeptd             0000000180018e14 f   libucrt:per_thread_data.obj
 0001:00017e58       __acrt_getptd              0000000180018e58 f   libucrt:per_thread_data.obj
 0001:00017f2c       __acrt_getptd_head         0000000180018f2c f   libucrt:per_thread_data.obj
 0001:00017fd4       __acrt_getptd_noexit       0000000180018fd4 f   libucrt:per_thread_data.obj
 0001:000180a0       __acrt_initialize_ptd      00000001800190a0 f   libucrt:per_thread_data.obj
 0001:000180dc       __acrt_uninitialize_ptd    00000001800190dc f   libucrt:per_thread_data.obj
 0001:00018100       __acrt_errno_from_os_error 0000000180019100 f   libucrt:errno.obj
 0001:00018148       __acrt_errno_map_os_error  0000000180019148 f   libucrt:errno.obj
 0001:00018198       __doserrno                 0000000180019198 f   libucrt:errno.obj
 0001:000181b8       _errno                     00000001800191b8 f   libucrt:errno.obj
 0001:000181d8       _calloc_base               00000001800191d8 f   libucrt:calloc_base.obj
 0001:00018250       _free_base                 0000000180019250 f   libucrt:free_base.obj
 0001:00018468       __acrt_AppPolicyGetProcessTerminationMethodInternal 0000000180019468 f   libucrt:winapi_thunks.obj
 0001:000184b8       __acrt_AppPolicyGetShowDeveloperDiagnosticInternal 00000001800194b8 f   libucrt:winapi_thunks.obj
 0001:00018508       __acrt_AppPolicyGetWindowingModelInternal 0000000180019508 f   libucrt:winapi_thunks.obj
 0001:00018558       __acrt_AreFileApisANSI     0000000180019558 f   libucrt:winapi_thunks.obj
 0001:00018594       __acrt_FlsAlloc            0000000180019594 f   libucrt:winapi_thunks.obj
 0001:000185dc       __acrt_FlsFree             00000001800195dc f   libucrt:winapi_thunks.obj
 0001:00018624       __acrt_FlsGetValue         0000000180019624 f   libucrt:winapi_thunks.obj
 0001:0001866c       __acrt_FlsSetValue         000000018001966c f   libucrt:winapi_thunks.obj
 0001:000186c0       __acrt_GetSystemTimePreciseAsFileTime 00000001800196c0 f   libucrt:winapi_thunks.obj
 0001:00018708       __acrt_InitializeCriticalSectionEx 0000000180019708 f   libucrt:winapi_thunks.obj
 0001:0001876c       __acrt_LCMapStringEx       000000018001976c f   libucrt:winapi_thunks.obj
 0001:00018848       __acrt_LocaleNameToLCID    0000000180019848 f   libucrt:winapi_thunks.obj
 0001:00018898       __acrt_MessageBoxW         0000000180019898 f   libucrt:winapi_thunks.obj
 0001:0001890c       __acrt_can_show_message_box 000000018001990c f   libucrt:winapi_thunks.obj
 0001:0001897c       __acrt_get_parent_window   000000018001997c f   libucrt:winapi_thunks.obj
 0001:000189f4       __acrt_initialize_winapi_thunks 00000001800199f4 f   libucrt:winapi_thunks.obj
 0001:00018a28       __acrt_is_interactive      0000000180019a28 f   libucrt:winapi_thunks.obj
 0001:00018af0       __acrt_uninitialize_winapi_thunks 0000000180019af0 f   libucrt:winapi_thunks.obj
 0001:00018b34       _fcloseall                 0000000180019b34 f   libucrt:closeall.obj
 0001:00018e04       __acrt_stdio_flush_nolock  0000000180019e04 f   libucrt:fflush.obj
 0001:00018e80       _fflush_nolock             0000000180019e80 f   libucrt:fflush.obj
 0001:00018ecc       _flushall                  0000000180019ecc f   libucrt:fflush.obj
 0001:00018ed4       fflush                     0000000180019ed4 f   libucrt:fflush.obj
 0001:00018f3c       __acrt_stdio_free_buffer_nolock 0000000180019f3c f   libucrt:_freebuf.obj
 0001:00019178       __acrt_initialize_lowio    000000018001a178 f   libucrt:ioinit.obj
 0001:000191b4       __acrt_uninitialize_lowio  000000018001a1b4 f   libucrt:ioinit.obj
 0001:000191f4       _realloc_base              000000018001a1f4 f   libucrt:realloc_base.obj
 0001:00019270       isdigit                    000000018001a270 f i libucrt:_ctype.obj
 0001:00019364       _tolower_l                 000000018001a364 f   libucrt:tolower_toupper.obj
 0001:000194a4       tolower                    000000018001a4a4 f   libucrt:tolower_toupper.obj
 0001:000194d0       _malloc_base               000000018001a4d0 f   libucrt:malloc_base.obj
 0001:00019530       _mbtowc_l                  000000018001a530 f   libucrt:mbtowc.obj
 0001:000196ac       mbtowc                     000000018001a6ac f   libucrt:mbtowc.obj
 0001:000196b4       _wctomb_s_l                000000018001a6b4 f   libucrt:wctomb.obj
 0001:00019854       wctomb_s                   000000018001a854 f   libucrt:wctomb.obj
 0001:00019868       strnlen                    000000018001a868 f   libucrt:strnlen.obj
 0001:000199b8       wcsnlen                    000000018001a9b8 f   libucrt:strnlen.obj
 0001:00019b90       __acrt_update_locale_info  000000018001ab90 f   libucrt:locale_update.obj
 0001:00019bc4       __acrt_update_multibyte_info 000000018001abc4 f   libucrt:locale_update.obj
 0001:0001a5cc       __acrt_fp_format           000000018001b5cc f   libucrt:cvt.obj
 0001:0001a854       _fputwc_nolock             000000018001b854 f   libucrt:fputwc.obj
 0001:0001a9d0       _fileno                    000000018001b9d0 f   libucrt:fileno.obj
 0001:0001a9f8       _fputc_nolock              000000018001b9f8 f   libucrt:fputc.obj
 0001:0001aa10       _get_printf_count_output   000000018001ba10 f   libucrt:printf_count_output.obj
 0001:0001aa28       __acrt_stdio_begin_temporary_buffering_nolock 000000018001ba28 f   libucrt:_sftbuf.obj
 0001:0001aaf8       __acrt_stdio_end_temporary_buffering_nolock 000000018001baf8 f   libucrt:_sftbuf.obj
 0001:0001aba4       __acrt_set_locale_changed  000000018001bba4 f   libucrt:wsetlocale.obj
 0001:0001abb0       __acrt_uninitialize_locale 000000018001bbb0 f   libucrt:wsetlocale.obj
 0001:0001abe0       _query_app_type            000000018001bbe0 f   libucrt:report_runtime_error.obj
 0001:0001ad28       _itow_s                    000000018001bd28 f   libucrt:xtoa.obj
 0001:0001ad48       _set_error_mode            000000018001bd48 f   libucrt:set_error_mode.obj
 0001:0001ad88       wcscat_s                   000000018001bd88 f   libucrt:wcscat_s.obj
 0001:0001ae08       wcscpy_s                   000000018001be08 f   libucrt:wcscpy_s.obj
 0001:0001ae70       wcsncat_s                  000000018001be70 f   libucrt:wcsncat_s.obj
 0001:0001af70       ??$__acrt_wcs_to_mbs_cp@U__crt_win32_buffer_no_resizing@@@@YAHQEB_WAEAV?$__crt_win32_buffer@DU__crt_win32_buffer_no_resizing@@@@I@Z 000000018001bf70 f i libucrt:getmodulefilenamea.obj
 0001:0001b084       __acrt_GetModuleFileNameA  000000018001c084 f   libucrt:getmodulefilenamea.obj
 0001:0001b1a4       __acrt_show_wide_message_box 000000018001c1a4 f   libucrt:crtmbox.obj
 0001:0001b368       setvbuf                    000000018001c368 f   libucrt:setvbuf.obj
 0001:0001b44c       __acrt_get_sigabrt_handler 000000018001c44c f   libucrt:signal.obj
 0001:0001b47c       __acrt_initialize_signal_handlers 000000018001c47c f   libucrt:signal.obj
 0001:0001b49c       raise                      000000018001c49c f   libucrt:signal.obj
 0001:0001b894       _lseeki64                  000000018001c894 f   libucrt:lseek.obj
 0001:0001b89c       _lseeki64_nolock           000000018001c89c f   libucrt:lseek.obj
 0001:0001b8a4       ?__acrt_stdio_free_stream@@YAXV__crt_stdio_stream@@@Z 000000018001c8a4 f   libucrt:stream.obj
 0001:0001b934       _close                     000000018001c934 f   libucrt:close.obj
 0001:0001b9d8       _close_nolock              000000018001c9d8 f   libucrt:close.obj
 0001:0001ba98       __pctype_func              000000018001ca98 f   libucrt:ctype.obj
 0001:0001bac8       iswctype                   000000018001cac8 f   libucrt:iswctype.obj
 0001:0001bb38       _isctype_l                 000000018001cb38 f   libucrt:isctype.obj
 0001:0001bc48       _raise_exc                 000000018001cc48 f   libucrt:fpexcept.obj
 0001:0001bc70       _raise_exc_ex              000000018001cc70 f   libucrt:fpexcept.obj
 0001:0001bf80       _raise_excf                000000018001cf80 f   libucrt:fpexcept.obj
 0001:0001bfac       _set_errno_from_matherr    000000018001cfac f   libucrt:fpexcept.obj
 0001:0001bfdc       _clrfp                     000000018001cfdc f   libucrt:fpctrl.obj
 0001:0001bffc       _ctrlfp                    000000018001cffc f   libucrt:fpctrl.obj
 0001:0001c078       _set_statfp                000000018001d078 f   libucrt:fpctrl.obj
 0001:0001c098       _statfp                    000000018001d098 f   libucrt:fpctrl.obj
 0001:0001c0ac       __acrt_initialize_locks    000000018001d0ac f   libucrt:locks.obj
 0001:0001c0f4       __acrt_lock                000000018001d0f4 f   libucrt:locks.obj
 0001:0001c110       __acrt_uninitialize_locks  000000018001d110 f   libucrt:locks.obj
 0001:0001c148       __acrt_unlock              000000018001d148 f   libucrt:locks.obj
 0001:0001c164       __acrt_get_developer_information_policy 000000018001d164 f   libucrt:win_policies.obj
 0001:0001c1b8       __acrt_get_process_end_policy 000000018001d1b8 f   libucrt:win_policies.obj
 0001:0001c1f4       __acrt_get_windowing_model_policy 000000018001d1f4 f   libucrt:win_policies.obj
 0001:0001c274       ??$__acrt_mbs_to_wcs_cp@U__crt_win32_buffer_internal_dynamic_resizing@@@@YAHQEBDAEAV?$__crt_win32_buffer@_WU__crt_win32_buffer_internal_dynamic_resizing@@@@I@Z 000000018001d274 f i libucrt:argv_wildcards.obj
 0001:0001c3ec       ??$__acrt_wcs_to_mbs_cp@U__crt_win32_buffer_internal_dynamic_resizing@@@@YAHQEB_WAEAV?$__crt_win32_buffer@DU__crt_win32_buffer_internal_dynamic_resizing@@@@I@Z 000000018001d3ec f i libucrt:argv_wildcards.obj
 0001:0001cc1c       __acrt_expand_narrow_argv_wildcards 000000018001dc1c f   libucrt:argv_wildcards.obj
 0001:0001d350       __acrt_initialize_multibyte 000000018001e350 f   libucrt:mbctype.obj
 0001:0001d3b0       __acrt_update_thread_multibyte_data 000000018001e3b0 f   libucrt:mbctype.obj
 0001:0001d3cc       _setmbcp_nolock            000000018001e3cc f   libucrt:mbctype.obj
 0001:0001d700       _ismbblead                 000000018001e700 f   libucrt:ismbbyte.obj
 0001:0001d714       __acrt_initialize_command_line 000000018001e714 f   libucrt:argv_data.obj
 0001:0001d73c       __acrt_MultiByteToWideChar 000000018001e73c f   libucrt:multibytetowidechar.obj
 0001:0001d798       __acrt_WideCharToMultiByte 000000018001e798 f   libucrt:widechartomultibyte.obj
 0001:0001d830       __dcrt_get_narrow_environment_from_os 000000018001e830 f   libucrt:get_environment_from_os.obj
 0001:0001d934       _recalloc_base             000000018001e934 f   libucrt:recalloc.obj
 0001:0001d9cc       __acrt_initialize_heap     000000018001e9cc f   libucrt:heap_handle.obj
 0001:0001d9e8       __acrt_uninitialize_heap   000000018001e9e8 f   libucrt:heap_handle.obj
 0001:0001d9f4       __acrt_execute_initializers 000000018001e9f4 f   libucrt:shared_initialization.obj
 0001:0001da74       __acrt_execute_uninitializers 000000018001ea74 f   libucrt:shared_initialization.obj
 0001:0001dab0       __acrt_has_user_matherr    000000018001eab0 f   libucrt:matherr.obj
 0001:0001dad0       __acrt_initialize_user_matherr 000000018001ead0 f   libucrt:matherr.obj
 0001:0001dad8       __acrt_invoke_user_matherr 000000018001ead8 f   libucrt:matherr.obj
 0001:0001db08       __acrt_add_locale_ref      000000018001eb08 f   libucrt:locale_refcounting.obj
 0001:0001db94       __acrt_free_locale         000000018001eb94 f   libucrt:locale_refcounting.obj
 0001:0001dd0c       __acrt_locale_add_lc_time_reference 000000018001ed0c f   libucrt:locale_refcounting.obj
 0001:0001dd34       __acrt_locale_free_lc_time_if_unreferenced 000000018001ed34 f   libucrt:locale_refcounting.obj
 0001:0001dd6c       __acrt_locale_release_lc_time_reference 000000018001ed6c f   libucrt:locale_refcounting.obj
 0001:0001dd94       __acrt_release_locale_ref  000000018001ed94 f   libucrt:locale_refcounting.obj
 0001:0001de3c       __acrt_update_thread_locale_data 000000018001ee3c f   libucrt:locale_refcounting.obj
 0001:0001deac       _updatetlocinfoEx_nolock   000000018001eeac f   libucrt:locale_refcounting.obj
 0001:0001df14       _query_new_mode            000000018001ef14 f   libucrt:new_mode.obj
 0001:0001e004       __acrt_DownlevelLocaleNameToLCID 000000018001f004 f   libucrt:lcidtoname_downlevel.obj
 0001:0001e0c4       _commit                    000000018001f0c4 f   libucrt:commit.obj
 0001:0001e9c4       _write                     000000018001f9c4 f   libucrt:write.obj
 0001:0001eab0       _write_nolock              000000018001fab0 f   libucrt:write.obj
 0001:0001ed8c       __acrt_lowio_create_handle_array 000000018001fd8c f   libucrt:osfinfo.obj
 0001:0001ee34       __acrt_lowio_destroy_handle_array 000000018001fe34 f   libucrt:osfinfo.obj
 0001:0001ee84       __acrt_lowio_ensure_fh_exists 000000018001fe84 f   libucrt:osfinfo.obj
 0001:0001ef2c       __acrt_lowio_lock_fh       000000018001ff2c f   libucrt:osfinfo.obj
 0001:0001ef54       __acrt_lowio_unlock_fh     000000018001ff54 f   libucrt:osfinfo.obj
 0001:0001ef7c       _free_osfhnd               000000018001ff7c f   libucrt:osfinfo.obj
 0001:0001f038       _get_osfhandle             0000000180020038 f   libucrt:osfinfo.obj
 0001:0001f0b0       _isleadbyte_l              00000001800200b0 f i libucrt:_wctype.obj
 0001:0001f414       __acrt_LCMapStringA        0000000180020414 f   libucrt:lcmapstringa.obj
 0001:0001f4ac       ?__mbrtowc_utf8@__crt_mbstring@@YA_KPEA_WPEBD_KPEAU_Mbstatet@@@Z 00000001800204ac f   libucrt:mbrtowc.obj
 0001:0001f4e8       ?__mbsrtowcs_utf8@__crt_mbstring@@YA_KPEA_WPEAPEBD_KPEAU_Mbstatet@@@Z 00000001800204e8 f   libucrt:mbrtowc.obj
 0001:0001f660       ?__c32rtomb_utf8@__crt_mbstring@@YA_KPEAD_UPEAU_Mbstatet@@@Z 0000000180020660 f   libucrt:c32rtomb.obj
 0001:0001f718       __acrt_fp_strflt_to_string 0000000180020718 f   libucrt:_fptostr.obj
 0001:0001f800       ?divide@__crt_strtox@@YA_KAEAUbig_integer@1@AEBU21@@Z 0000000180020800 f i libucrt:cfout.obj
 0001:0001fc2c       __acrt_fltout              0000000180020c2c f   libucrt:cfout.obj
 0001:0002112c       __acrt_stdio_flush_and_write_narrow_nolock 000000018002212c f   libucrt:_flsbuf.obj
 0001:00021218       __acrt_stdio_flush_and_write_wide_nolock 0000000180022218 f   libucrt:_flsbuf.obj
 0001:00021304       _isatty                    0000000180022304 f   libucrt:isatty.obj
 0001:00021364       __acrt_locale_free_monetary 0000000180022364 f   libucrt:initmon.obj
 0001:00021470       __acrt_locale_free_numeric 0000000180022470 f   libucrt:initnum.obj
 0001:00021534       __acrt_locale_free_time    0000000180022534 f   libucrt:inittime.obj
 0001:0002163c       __acrt_GetStringTypeA      000000018002263c f   libucrt:getstringtypea.obj
 0001:000217cc       __acrt_GetStringTypeW      00000001800227cc f   libucrt:getstringtypew.obj
 0001:000217f0       _get_fpsr                  00000001800227f0 f   libucrt:fpsr.obj
 0001:00021800       _set_fpsr                  0000000180022800 f   libucrt:fpsr.obj
 0001:0002180a       _fclrf                     000000018002280a f   libucrt:fpsr.obj
 0001:0002181e       _frnd                      000000018002281e f   libucrt:fpsr.obj
 0001:00021840       __acrt_stdio_allocate_buffer_nolock 0000000180022840 f   libucrt:_getbuf.obj
 0001:000218b0       qsort                      00000001800228b0 f   libucrt:qsort.obj
 0001:00021c70       strncpy_s                  0000000180022c70 f   libucrt:strncpy_s.obj
 0001:00021df0       strpbrk                    0000000180022df0 f   libucrt:strpbrk.obj
 0001:000221d0       _mbsdec                    00000001800231d0 f   libucrt:mbsdec.obj
 0001:000221d8       _mbsdec_l                  00000001800231d8 f   libucrt:mbsdec.obj
 0001:00022284       _msize_base                0000000180023284 f   libucrt:msize.obj
 0001:000222c0       _putwch_nolock             00000001800232c0 f   libucrt:putwch.obj
 0001:000222fc       __strncnt                  00000001800232fc f   libucrt:strncnt.obj
 0001:00022314       ?__mbrtoc32_utf8@__crt_mbstring@@YA_KPEA_UPEBD_KPEAU_Mbstatet@@@Z 0000000180023314 f   libucrt:mbrtoc32.obj
 0001:000224f0       fegetenv                   00000001800234f0 f   libucrt:fegetenv.obj
 0001:00022510       fesetenv                   0000000180023510 f   libucrt:fesetenv.obj
 0001:00022560       feholdexcept               0000000180023560 f   libucrt:feholdexcept.obj
 0001:000225b0       ceil                       00000001800235b0 f   libucrt:ceil.obj
 0001:00022680       log10                      0000000180023680 f   libucrt:log10.obj
 0001:00022c2c       __dcrt_lowio_ensure_console_output_initialized 0000000180023c2c f   libucrt:initcon.obj
 0001:00022c80       __dcrt_terminate_console_output 0000000180023c80 f   libucrt:initcon.obj
 0001:00022c9c       __dcrt_write_console       0000000180023c9c f   libucrt:initcon.obj
 0001:00022d5c       __acrt_fenv_get_control    0000000180023d5c f   libucrt:_fenvutils.obj
 0001:00022e50       __acrt_fenv_get_status     0000000180023e50 f   libucrt:_fenvutils.obj
 0001:00022ea4       __acrt_fenv_set_control    0000000180023ea4 f   libucrt:_fenvutils.obj
 0001:00022fec       __acrt_fenv_set_status     0000000180023fec f   libucrt:_fenvutils.obj
 0001:00023070       _clearfp                   0000000180024070 f   libucrt:ieee.obj
 0001:00023204       _handle_error              0000000180024204 f   libucrt:libm_error.obj
 0001:0002332c       _handle_errorf             000000018002432c f   libucrt:libm_error.obj
 0001:00023460       _handle_nan                0000000180024460 f   libucrt:libm_error.obj
 0001:0002347c       _handle_nanf               000000018002447c f   libucrt:libm_error.obj
 0001:00023490       __acrt_initialize_fma3     0000000180024490 f   libucrt:fma3_available.obj
 0001:00023500       _log10_special             0000000180024500 f   libucrt:log_special.obj
 0001:000235b6       IsProcessorFeaturePresent  00000001800245b6 f   kernel32:KERNEL32.dll
 0001:000235c0       _FindPESection             00000001800245c0 f   LIBCMT:pesect.obj
 0001:00023610       _IsNonwritableInCurrentImage 0000000180024610 f   LIBCMT:pesect.obj
 0001:00023660       _ValidateImageBase         0000000180024660 f   LIBCMT:pesect.obj
 0001:00023690       __GSHandlerCheck           0000000180024690 f   LIBCMT:gshandler.obj
 0001:000236b0       __GSHandlerCheckCommon     00000001800246b0 f   LIBCMT:gshandler.obj
 0001:00023720       __chkstk                   0000000180024720 f   LIBCMT:chkstk.obj
 0001:00023720       _alloca_probe              0000000180024720 f   LIBCMT:chkstk.obj
 0001:00023774       strrchr                    0000000180024774 f   libvcruntime:strrchr.obj
 0001:000238d0       memcmp                     00000001800248d0 f   libvcruntime:memcmp.obj
 0001:00023998       acosf                      0000000180024998 f   libucrt:acosf.obj
 0001:00023be8       atan2f                     0000000180024be8 f   libucrt:atan2f.obj
 0001:00023ffc       ceilf                      0000000180024ffc f   libucrt:ceilf.obj
 0001:00024090       cosf                       0000000180025090 f   libucrt:cosf.obj
 0001:00024590       sinf                       0000000180025590 f   libucrt:sinf.obj
 0001:00024c88       sqrtf                      0000000180025c88 f   libucrt:sqrtf.obj
 0001:00024d40       __remainder_piby2d2f_forAsm 0000000180025d40 f   libucrt:remainder_piby2f_forasm.obj
 0001:00024e90       __remainder_piby2_fma3     0000000180025e90 f   libucrt:remainder_piby2_forfma3.obj
 0001:00025080       __remainder_piby2_fma3_bdl 0000000180026080 f   libucrt:remainder_piby2_forfma3.obj
 0001:000250f8       _cosf_special              00000001800260f8 f   libucrt:sincos_special.obj
 0001:00025198       _sinf_special              0000000180026198 f   libucrt:sincos_special.obj
 0001:000251b0       __remainder_piby2d2f_forC  00000001800261b0 f   libucrt:remainder_piby2f_forc.obj
 0001:00025350       _guard_dispatch_icall_nop  0000000180026350 f   LIBCMT:guard_dispatch.obj
 0002:00000000       __imp_HeapSize             0000000180027000     kernel32:KERNEL32.dll
 0002:00000008       __imp_CreateFileW          0000000180027008     kernel32:KERNEL32.dll
 0002:00000010       __imp_GetStringTypeW       0000000180027010     kernel32:KERNEL32.dll
 0002:00000018       __imp_GetFileSizeEx        0000000180027018     kernel32:KERNEL32.dll
 0002:00000020       __imp_SetStdHandle         0000000180027020     kernel32:KERNEL32.dll
 0002:00000028       __imp_GetConsoleCP         0000000180027028     kernel32:KERNEL32.dll
 0002:00000030       __imp_FlushFileBuffers     0000000180027030     kernel32:KERNEL32.dll
 0002:00000038       __imp_GetProcessHeap       0000000180027038     kernel32:KERNEL32.dll
 0002:00000040       __imp_FreeEnvironmentStringsW 0000000180027040     kernel32:KERNEL32.dll
 0002:00000048       __imp_GetEnvironmentStringsW 0000000180027048     kernel32:KERNEL32.dll
 0002:00000050       __imp_WideCharToMultiByte  0000000180027050     kernel32:KERNEL32.dll
 0002:00000058       __imp_MultiByteToWideChar  0000000180027058     kernel32:KERNEL32.dll
 0002:00000060       __imp_GetCommandLineW      0000000180027060     kernel32:KERNEL32.dll
 0002:00000068       __imp_GetCommandLineA      0000000180027068     kernel32:KERNEL32.dll
 0002:00000070       __imp_GetCPInfo            0000000180027070     kernel32:KERNEL32.dll
 0002:00000078       __imp_GetOEMCP             0000000180027078     kernel32:KERNEL32.dll
 0002:00000080       __imp_GetACP               0000000180027080     kernel32:KERNEL32.dll
 0002:00000088       __imp_IsValidCodePage      0000000180027088     kernel32:KERNEL32.dll
 0002:00000090       __imp_FindNextFileW        0000000180027090     kernel32:KERNEL32.dll
 0002:00000098       __imp_FindFirstFileExW     0000000180027098     kernel32:KERNEL32.dll
 0002:000000a0       __imp_FindClose            00000001800270a0     kernel32:KERNEL32.dll
 0002:000000a8       __imp_CloseHandle          00000001800270a8     kernel32:KERNEL32.dll
 0002:000000b0       __imp_RtlCaptureContext    00000001800270b0     kernel32:KERNEL32.dll
 0002:000000b8       __imp_RtlLookupFunctionEntry 00000001800270b8     kernel32:KERNEL32.dll
 0002:000000c0       __imp_RtlVirtualUnwind     00000001800270c0     kernel32:KERNEL32.dll
 0002:000000c8       __imp_UnhandledExceptionFilter 00000001800270c8     kernel32:KERNEL32.dll
 0002:000000d0       __imp_SetUnhandledExceptionFilter 00000001800270d0     kernel32:KERNEL32.dll
 0002:000000d8       __imp_GetCurrentProcess    00000001800270d8     kernel32:KERNEL32.dll
 0002:000000e0       __imp_TerminateProcess     00000001800270e0     kernel32:KERNEL32.dll
 0002:000000e8       __imp_IsProcessorFeaturePresent 00000001800270e8     kernel32:KERNEL32.dll
 0002:000000f0       __imp_IsDebuggerPresent    00000001800270f0     kernel32:KERNEL32.dll
 0002:000000f8       __imp_GetStartupInfoW      00000001800270f8     kernel32:KERNEL32.dll
 0002:00000100       __imp_GetModuleHandleW     0000000180027100     kernel32:KERNEL32.dll
 0002:00000108       __imp_QueryPerformanceCounter 0000000180027108     kernel32:KERNEL32.dll
 0002:00000110       __imp_GetCurrentProcessId  0000000180027110     kernel32:KERNEL32.dll
 0002:00000118       __imp_GetCurrentThreadId   0000000180027118     kernel32:KERNEL32.dll
 0002:00000120       __imp_GetSystemTimeAsFileTime 0000000180027120     kernel32:KERNEL32.dll
 0002:00000128       __imp_InitializeSListHead  0000000180027128     kernel32:KERNEL32.dll
 0002:00000130       __imp_RtlPcToFileHeader    0000000180027130     kernel32:KERNEL32.dll
 0002:00000138       __imp_RaiseException       0000000180027138     kernel32:KERNEL32.dll
 0002:00000140       __imp_RtlUnwindEx          0000000180027140     kernel32:KERNEL32.dll
 0002:00000148       __imp_InterlockedFlushSList 0000000180027148     kernel32:KERNEL32.dll
 0002:00000150       __imp_GetLastError         0000000180027150     kernel32:KERNEL32.dll
 0002:00000158       __imp_SetLastError         0000000180027158     kernel32:KERNEL32.dll
 0002:00000160       __imp_EnterCriticalSection 0000000180027160     kernel32:KERNEL32.dll
 0002:00000168       __imp_LeaveCriticalSection 0000000180027168     kernel32:KERNEL32.dll
 0002:00000170       __imp_DeleteCriticalSection 0000000180027170     kernel32:KERNEL32.dll
 0002:00000178       __imp_InitializeCriticalSectionAndSpinCount 0000000180027178     kernel32:KERNEL32.dll
 0002:00000180       __imp_TlsAlloc             0000000180027180     kernel32:KERNEL32.dll
 0002:00000188       __imp_TlsGetValue          0000000180027188     kernel32:KERNEL32.dll
 0002:00000190       __imp_TlsSetValue          0000000180027190     kernel32:KERNEL32.dll
 0002:00000198       __imp_TlsFree              0000000180027198     kernel32:KERNEL32.dll
 0002:000001a0       __imp_FreeLibrary          00000001800271a0     kernel32:KERNEL32.dll
 0002:000001a8       __imp_GetProcAddress       00000001800271a8     kernel32:KERNEL32.dll
 0002:000001b0       __imp_LoadLibraryExW       00000001800271b0     kernel32:KERNEL32.dll
 0002:000001b8       __imp_GetStdHandle         00000001800271b8     kernel32:KERNEL32.dll
 0002:000001c0       __imp_GetFileType          00000001800271c0     kernel32:KERNEL32.dll
 0002:000001c8       __imp_GetModuleFileNameW   00000001800271c8     kernel32:KERNEL32.dll
 0002:000001d0       __imp_GetModuleHandleExW   00000001800271d0     kernel32:KERNEL32.dll
 0002:000001d8       __imp_WriteConsoleW        00000001800271d8     kernel32:KERNEL32.dll
 0002:000001e0       __imp_ExitProcess          00000001800271e0     kernel32:KERNEL32.dll
 0002:000001e8       __imp_HeapAlloc            00000001800271e8     kernel32:KERNEL32.dll
 0002:000001f0       __imp_HeapFree             00000001800271f0     kernel32:KERNEL32.dll
 0002:000001f8       __imp_LCMapStringW         00000001800271f8     kernel32:KERNEL32.dll
 0002:00000200       __imp_HeapReAlloc          0000000180027200     kernel32:KERNEL32.dll
 0002:00000208       __imp_WriteFile            0000000180027208     kernel32:KERNEL32.dll
 0002:00000210       __imp_OutputDebugStringW   0000000180027210     kernel32:KERNEL32.dll
 0002:00000218       __imp_SetFilePointerEx     0000000180027218     kernel32:KERNEL32.dll
 0002:00000220       __imp_GetConsoleMode       0000000180027220     kernel32:KERNEL32.dll
 0002:00000228       \177KERNEL32_NULL_THUNK_DATA 0000000180027228     kernel32:KERNEL32.dll
 0002:00000230       __imp_napi_create_reference 0000000180027230     node:electron.exe
 0002:00000238       __imp_napi_get_value_double 0000000180027238     node:electron.exe
 0002:00000240       __imp_napi_get_cb_info     0000000180027240     node:electron.exe
 0002:00000248       __imp_napi_create_object   0000000180027248     node:electron.exe
 0002:00000250       __imp_napi_get_value_int32 0000000180027250     node:electron.exe
 0002:00000258       __imp_napi_get_named_property 0000000180027258     node:electron.exe
 0002:00000260       __imp_napi_get_value_bigint_uint64 0000000180027260     node:electron.exe
 0002:00000268       __imp_napi_set_named_property 0000000180027268     node:electron.exe
 0002:00000270       __imp_napi_module_register 0000000180027270     node:electron.exe
 0002:00000278       __imp_napi_create_string_utf8 0000000180027278     node:electron.exe
 0002:00000280       __imp_napi_get_reference_value 0000000180027280     node:electron.exe
 0002:00000288       __imp_napi_create_int32    0000000180027288     node:electron.exe
 0002:00000290       __imp_napi_create_uint32   0000000180027290     node:electron.exe
 0002:00000298       __imp_napi_get_value_string_utf8 0000000180027298     node:electron.exe
 0002:000002a0       __imp_napi_create_external_arraybuffer 00000001800272a0     node:electron.exe
 0002:000002a8       __imp_napi_create_bigint_uint64 00000001800272a8     node:electron.exe
 0002:000002b0       __imp_napi_get_null        00000001800272b0     node:electron.exe
 0002:000002b8       __imp_napi_call_function   00000001800272b8     node:electron.exe
 0002:000002c0       __imp_napi_create_typedarray 00000001800272c0     node:electron.exe
 0002:000002c8       __imp_napi_get_global      00000001800272c8     node:electron.exe
 0002:000002d0       __imp_napi_create_function 00000001800272d0     node:electron.exe
 0002:000002d8       __imp_napi_get_value_bool  00000001800272d8     node:electron.exe
 0002:000002e0       \177electron_NULL_THUNK_DATA 00000001800272e0     node:electron.exe
 0002:000002e8       __guard_check_icall_fptr   00000001800272e8     LIBCMT:guard_support.obj
 0002:000002f0       __guard_dispatch_icall_fptr 00000001800272f0     LIBCMT:guard_support.obj
 0002:000002f8       __xc_a                     00000001800272f8     LIBCMT:initializers.obj
 0002:00000308       _register_NANOVG_NODE_WEBGL_ 0000000180027308     nanovg_webgl2_api.obj
 0002:00000310       __xc_z                     0000000180027310     LIBCMT:initializers.obj
 0002:00000318       __xi_a                     0000000180027318     LIBCMT:initializers.obj
 0002:00000320       __acrt_stdio_initializer   0000000180027320     libucrt:stdio_initializer.obj
 0002:00000328       __acrt_multibyte_initializer 0000000180027328     libucrt:multibyte_initializer.obj
 0002:00000330       __acrt_tran_fma3_initializer 0000000180027330     libucrt:fma3_initializer.obj
 0002:00000338       __xi_z                     0000000180027338     LIBCMT:initializers.obj
 0002:00000340       __xp_a                     0000000180027340     LIBCMT:initializers.obj
 0002:00000348       __acrt_locale_terminator   0000000180027348     libucrt:locale_initializer.obj
 0002:00000350       __dcrt_console_output_terminator 0000000180027350     libucrt:console_output_initializer.obj
 0002:00000358       __acrt_stdio_terminator    0000000180027358     libucrt:stdio_initializer.obj
 0002:00000360       __xp_z                     0000000180027360     LIBCMT:initializers.obj
 0002:00000368       __xt_a                     0000000180027368     LIBCMT:initializers.obj
 0002:00000370       __xt_z                     0000000180027370     LIBCMT:initializers.obj
 0002:00000388       ??_7exception@std@@6B@     0000000180027388     libcpmt:xthrow.obj
 0002:00000398       ??_C@_0BC@EOODALEL@Unknown?5exception@ 0000000180027398     libcpmt:xthrow.obj
 0002:000003b8       ??_7bad_alloc@std@@6B@     00000001800273b8     libcpmt:xthrow.obj
 0002:000003c8       ??_C@_0P@GHFPNOJB@bad?5allocation@ 00000001800273c8     libcpmt:xthrow.obj
 0002:000003e0       ??_7logic_error@std@@6B@   00000001800273e0     libcpmt:xthrow.obj
 0002:000003f8       ??_7length_error@std@@6B@  00000001800273f8     libcpmt:xthrow.obj
 0002:00000418       _pRawDllMain               0000000180027418     LIBCMT:dll_dllmain.obj
 0002:00000418       _pDefaultRawDllMain        0000000180027418     LIBCMT:dll_dllmain.obj
 0002:00000428       ??_7type_info@@6B@         0000000180027428     LIBCMT:std_type_info_static.obj
 0002:00000438       ??_7bad_array_new_length@std@@6B@ 0000000180027438     LIBCMT:throw_bad_alloc.obj
 0002:00000448       ??_C@_0BF@KINCDENJ@bad?5array?5new?5length@ 0000000180027448     LIBCMT:throw_bad_alloc.obj
 0002:000004b8       ??_C@_1DM@KHCHBNEB@?$AAa?$AAp?$AAi?$AA?9?$AAm?$AAs?$AA?9?$AAw?$AAi?$AAn?$AA?9?$AAc?$AAo?$AAr?$AAe@ 00000001800274b8     libvcruntime:winapi_downlevel.obj
 0002:000004f8       ??_C@_1DK@LPPGFMPP@?$AAa?$AAp?$AAi?$AA?9?$AAm?$AAs?$AA?9?$AAw?$AAi?$AAn?$AA?9?$AAc?$AAo?$AAr?$AAe@ 00000001800274f8     libvcruntime:winapi_downlevel.obj
 0002:00000538       ??_C@_1BC@GDMECMAK@?$AAk?$AAe?$AAr?$AAn?$AAe?$AAl?$AA3?$AA2@ 0000000180027538     libvcruntime:winapi_downlevel.obj
 0002:00000550       ??_C@_1BA@PFFKHIOG@?$AAa?$AAp?$AAi?$AA?9?$AAm?$AAs?$AA?9@ 0000000180027550     libvcruntime:winapi_downlevel.obj
 0002:00000560       ??_C@_1BA@IAIFMGEF@?$AAe?$AAx?$AAt?$AA?9?$AAm?$AAs?$AA?9@ 0000000180027560     libvcruntime:winapi_downlevel.obj
 0002:00000578       ??_C@_08KNHFBNJ@FlsAlloc@  0000000180027578     libvcruntime:winapi_downlevel.obj
 0002:00000590       ??_C@_07PEJMOBNF@FlsFree@  0000000180027590     libvcruntime:winapi_downlevel.obj
 0002:000005a0       ??_C@_0M@GDNOONDI@FlsGetValue@ 00000001800275a0     libvcruntime:winapi_downlevel.obj
 0002:000005b8       ??_C@_0M@JCPCPOEF@FlsSetValue@ 00000001800275b8     libvcruntime:winapi_downlevel.obj
 0002:000005d0       ??_C@_0BM@HCFOFFN@InitializeCriticalSectionEx@ 00000001800275d0     libvcruntime:winapi_downlevel.obj
 0002:000005f0       _pDestructExceptionObject  00000001800275f0     libvcruntime:ehhelpers.obj
 0002:00000938       ??_C@_08EHJDFFNH@__based?$CI@ 0000000180027938     libvcruntime:undname.obj
 0002:00000948       ??_C@_07KOLFKCDI@__cdecl@  0000000180027948     libvcruntime:undname.obj
 0002:00000950       ??_C@_08GHMPAG@__pascal@   0000000180027950     libvcruntime:undname.obj
 0002:00000960       ??_C@_09IFJBGAPI@__stdcall@ 0000000180027960     libvcruntime:undname.obj
 0002:00000970       ??_C@_0L@NPHFGOKO@__thiscall@ 0000000180027970     libvcruntime:undname.obj
 0002:00000980       ??_C@_0L@JMKHOMEK@__fastcall@ 0000000180027980     libvcruntime:undname.obj
 0002:00000990       ??_C@_0N@BCKKPABJ@__vectorcall@ 0000000180027990     libvcruntime:undname.obj
 0002:000009a0       ??_C@_09HIJEGCPM@__clrcall@ 00000001800279a0     libvcruntime:undname.obj
 0002:000009ac       ??_C@_06GHPCKEAG@__eabi@   00000001800279ac     libvcruntime:undname.obj
 0002:000009b8       ??_C@_09IOPIDJLG@__swift_1@ 00000001800279b8     libvcruntime:undname.obj
 0002:000009c8       ??_C@_09KFNFGKHF@__swift_2@ 00000001800279c8     libvcruntime:undname.obj
 0002:000009d8       ??_C@_07JOMMBBKO@__ptr64@  00000001800279d8     libvcruntime:undname.obj
 0002:000009e0       ??_C@_0L@PILCLIHE@__restrict@ 00000001800279e0     libvcruntime:undname.obj
 0002:000009f0       ??_C@_0M@GFIIJFMG@__unaligned@ 00000001800279f0     libvcruntime:undname.obj
 0002:00000a00       ??_C@_09DHDLOLLB@restrict?$CI@ 0000000180027a00     libvcruntime:undname.obj
 0002:00000a0c       ??_C@_04NIHEBCM@?5new@     0000000180027a0c     libvcruntime:undname.obj
 0002:00000a18       ??_C@_07FPCDHGMM@?5delete@ 0000000180027a18     libvcruntime:undname.obj
 0002:00000a20       ??_C@_01NEMOKFLO@?$DN@     0000000180027a20     libvcruntime:undname.obj
 0002:00000a24       ??_C@_02GPIOPFAK@?$DO?$DO@ 0000000180027a24     libvcruntime:undname.obj
 0002:00000a28       ??_C@_02FODMEDOG@?$DM?$DM@ 0000000180027a28     libvcruntime:undname.obj
 0002:00000a2c       ??_C@_01DCLJPIOD@?$CB@     0000000180027a2c     libvcruntime:undname.obj
 0002:00000a30       ??_C@_02EGOFBIJA@?$DN?$DN@ 0000000180027a30     libvcruntime:undname.obj
 0002:00000a34       ??_C@_02FDNJECIE@?$CB?$DN@ 0000000180027a34     libvcruntime:undname.obj
 0002:00000a38       ??_C@_02GPECMEKF@?$FL?$FN@ 0000000180027a38     libvcruntime:undname.obj
 0002:00000a40       ??_C@_08LHJFAFGD@operator@ 0000000180027a40     libvcruntime:undname.obj
 0002:00000a4c       ??_C@_02HBOOOICD@?9?$DO@   0000000180027a4c     libvcruntime:undname.obj
 0002:00000a50       ??_C@_01NBENCBCI@?$CK@     0000000180027a50     libvcruntime:undname.obj
 0002:00000a54       ??_C@_02ECNGHCIF@?$CL?$CL@ 0000000180027a54     libvcruntime:undname.obj
 0002:00000a58       ??_C@_02BAABKJLB@?9?9@     0000000180027a58     libvcruntime:undname.obj
 0002:00000a5c       ??_C@_01JOAMLHOP@?9@       0000000180027a5c     libvcruntime:undname.obj
 0002:00000a60       ??_C@_01MIFGBAGJ@?$CL@     0000000180027a60     libvcruntime:undname.obj
 0002:00000a64       ??_C@_01HNPIGOCE@?$CG@     0000000180027a64     libvcruntime:undname.obj
 0002:00000a68       ??_C@_03MNHNFDLC@?9?$DO?$CK@ 0000000180027a68     libvcruntime:undname.obj
 0002:00000a6c       ??_C@_01KMDKNFGN@?1@       0000000180027a6c     libvcruntime:undname.obj
 0002:00000a70       ??_C@_01FGNFDNOH@?$CF@     0000000180027a70     libvcruntime:undname.obj
 0002:00000a74       ??_C@_01MNNFJEPP@?$DM@     0000000180027a74     libvcruntime:undname.obj
 0002:00000a78       ??_C@_02EHCHHCKH@?$DM?$DN@ 0000000180027a78     libvcruntime:undname.obj
 0002:00000a7c       ??_C@_01PPODPGHN@?$DO@     0000000180027a7c     libvcruntime:undname.obj
 0002:00000a80       ??_C@_02EEKDKGMJ@?$DO?$DN@ 0000000180027a80     libvcruntime:undname.obj
 0002:00000a84       ??_C@_01IHBHIGKO@?0@       0000000180027a84     libvcruntime:undname.obj
 0002:00000a88       ??_C@_02HCKGKOFO@?$CI?$CJ@ 0000000180027a88     libvcruntime:undname.obj
 0002:00000a8c       ??_C@_01PJKLJHI@?$HO@      0000000180027a8c     libvcruntime:undname.obj
 0002:00000a90       ??_C@_01JKBOJNNK@?$FO@     0000000180027a90     libvcruntime:undname.obj
 0002:00000a94       ??_C@_01DNKMNLPK@?$HM@     0000000180027a94     libvcruntime:undname.obj
 0002:00000a98       ??_C@_02PPKAJPJL@?$CG?$CG@ 0000000180027a98     libvcruntime:undname.obj
 0002:00000a9c       ??_C@_02NONPIBCD@?$HM?$HM@ 0000000180027a9c     libvcruntime:undname.obj
 0002:00000aa0       ??_C@_02FPIMKNGF@?$CK?$DN@ 0000000180027aa0     libvcruntime:undname.obj
 0002:00000aa4       ??_C@_02FOEOMHFC@?$CL?$DN@ 0000000180027aa4     libvcruntime:undname.obj
 0002:00000aa8       ??_C@_02FKMDLLOA@?9?$DN@   0000000180027aa8     libvcruntime:undname.obj
 0002:00000aac       ??_C@_02FJEHGPIO@?1?$DN@   0000000180027aac     libvcruntime:undname.obj
 0002:00000ab0       ??_C@_02FENAOKFI@?$CF?$DN@ 0000000180027ab0     libvcruntime:undname.obj
 0002:00000ab4       ??_C@_03IKFCCPFF@?$DO?$DO?$DN@ 0000000180027ab4     libvcruntime:undname.obj
 0002:00000ab8       ??_C@_03CDNPDDLA@?$DM?$DM?$DN@ 0000000180027ab8     libvcruntime:undname.obj
 0002:00000abc       ??_C@_02FGJGFEAB@?$CG?$DN@ 0000000180027abc     libvcruntime:undname.obj
 0002:00000ac0       ??_C@_02DHLNPPGH@?$HM?$DN@ 0000000180027ac0     libvcruntime:undname.obj
 0002:00000ac4       ??_C@_02MHEGNOJ@?$FO?$DN@  0000000180027ac4     libvcruntime:undname.obj
 0002:00000ac8       ??_C@_09IFPLHPGF@?$GAvftable?8@ 0000000180027ac8     libvcruntime:undname.obj
 0002:00000ad8       ??_C@_09BLBHBJP@?$GAvbtable?8@ 0000000180027ad8     libvcruntime:undname.obj
 0002:00000ae8       ??_C@_07FEEIOKP@?$GAvcall?8@ 0000000180027ae8     libvcruntime:undname.obj
 0002:00000af0       ??_C@_08LLFFHHDJ@?$GAtypeof?8@ 0000000180027af0     libvcruntime:undname.obj
 0002:00000b00       ??_C@_0BF@KDPPACIK@?$GAlocal?5static?5guard?8@ 0000000180027b00     libvcruntime:undname.obj
 0002:00000b18       ??_C@_08OBABFOLI@?$GAstring?8@ 0000000180027b18     libvcruntime:undname.obj
[...]
 0004:00001758       $pdata$?getSystemCP@@YAHH@Z 00000001804f9758     libucrt:mbctype.obj
 0004:00001764       $pdata$?setSBCS@@YAXPEAU__crt_multibyte_data@@@Z 00000001804f9764     libucrt:mbctype.obj
 0004:00001770       $pdata$?setSBUpLow@@YAXPEAU__crt_multibyte_data@@@Z 00000001804f9770     libucrt:mbctype.obj
 0004:0000177c       $pdata$?setmbcp_internal@@YAHH_NQEAU__acrt_ptd@@QEAPEAU__crt_multibyte_data@@@Z 00000001804f977c     libucrt:mbctype.obj
 0004:00001788       $pdata$?update_thread_multibyte_data_internal@@YAPEAU__crt_multibyte_data@@QEAU__acrt_ptd@@QEAPEAU1@@Z 00000001804f9788     libucrt:mbctype.obj
 0004:00001794       $pdata$__acrt_initialize_multibyte 00000001804f9794     libucrt:mbctype.obj
 0004:000017a0       $pdata$__acrt_update_thread_multibyte_data 00000001804f97a0     libucrt:mbctype.obj
 0004:000017ac       $pdata$_setmbcp_nolock     00000001804f97ac     libucrt:mbctype.obj
 0004:000017b8       $pdata$?x_ismbbtype_l@@YAHPEAU__crt_locale_pointers@@IHH@Z 00000001804f97b8     libucrt:ismbbyte.obj
 0004:000017c4       $pdata$__acrt_initialize_command_line 00000001804f97c4     libucrt:argv_data.obj
 0004:000017d0       $pdata$__acrt_WideCharToMultiByte 00000001804f97d0     libucrt:widechartomultibyte.obj
 0004:000017dc       $pdata$__dcrt_get_narrow_environment_from_os 00000001804f97dc     libucrt:get_environment_from_os.obj
 0004:000017e8       $pdata$_recalloc_base      00000001804f97e8     libucrt:recalloc.obj
 0004:000017f4       $pdata$__acrt_initialize_heap 00000001804f97f4     libucrt:heap_handle.obj
 0004:00001800       $pdata$__acrt_execute_initializers 00000001804f9800     libucrt:shared_initialization.obj
 0004:0000180c       $pdata$__acrt_execute_uninitializers 00000001804f980c     libucrt:shared_initialization.obj
 0004:00001818       $pdata$__acrt_free_locale  00000001804f9818     libucrt:locale_refcounting.obj
 0004:00001824       $pdata$__acrt_locale_free_lc_time_if_unreferenced 00000001804f9824     libucrt:locale_refcounting.obj
 0004:00001830       $pdata$__acrt_release_locale_ref 00000001804f9830     libucrt:locale_refcounting.obj
 0004:0000183c       $pdata$__acrt_update_thread_locale_data 00000001804f983c     libucrt:locale_refcounting.obj
 0004:00001848       $pdata$_updatetlocinfoEx_nolock 00000001804f9848     libucrt:locale_refcounting.obj
 0004:00001854       $pdata$?GetTableIndexFromLocaleName@@YAHPEB_W@Z 00000001804f9854     libucrt:lcidtoname_downlevel.obj
 0004:00001860       $pdata$__acrt_DownlevelLocaleNameToLCID 00000001804f9860     libucrt:lcidtoname_downlevel.obj
 0004:0000186c       $pdata$??$?RV<lambda_a37b2b86f63e897a80ea819b0eb08c01>@@AEAV<lambda_38ce7e780aa69e748d6df282ebc68efe>@@V<lambda_99fb1378e971ab6e7edea83e3a7a83a2>@@@?$__crt_seh_guarded_call@H@@QEAAH$$QEAV<lambda_a37b2b86f63e897a80ea819b0eb08c01>@@AEAV<lambda_38ce7e780aa69e748d6df282ebc68efe>@@$$QEAV<lambda_99fb1378e971ab6e7edea83e3a7a83a2>@@@Z 00000001804f986c     libucrt:commit.obj
 0004:00001878       $pdata$_commit             00000001804f9878     libucrt:commit.obj
 0004:00001884       $pdata$?write_double_translated_ansi_nolock@@YA?AUwrite_result@?A0x17268360@@HQEBDI@Z 00000001804f9884     libucrt:write.obj
 0004:00001890       $pdata$?write_text_ansi_nolock@@YA?AUwrite_result@?A0x17268360@@HQEBDI@Z 00000001804f9890     libucrt:write.obj
 0004:0000189c       $pdata$?write_text_utf16le_nolock@@YA?AUwrite_result@?A0x17268360@@HQEBDI@Z 00000001804f989c     libucrt:write.obj
 0004:000018a8       $pdata$?write_text_utf8_nolock@@YA?AUwrite_result@?A0x17268360@@HQEBDI@Z 00000001804f98a8     libucrt:write.obj
 0004:000018b4       $pdata$_write              00000001804f98b4     libucrt:write.obj
 0004:000018c0       $pdata$_write_nolock       00000001804f98c0     libucrt:write.obj
 0004:000018cc       $pdata$__acrt_lowio_create_handle_array 00000001804f98cc     libucrt:osfinfo.obj
 0004:000018d8       $pdata$__acrt_lowio_destroy_handle_array 00000001804f98d8     libucrt:osfinfo.obj
 0004:000018e4       $pdata$__acrt_lowio_ensure_fh_exists 00000001804f98e4     libucrt:osfinfo.obj
 0004:000018f0       $pdata$_free_osfhnd        00000001804f98f0     libucrt:osfinfo.obj
 0004:000018fc       $pdata$_get_osfhandle      00000001804f98fc     libucrt:osfinfo.obj
 0004:00001908       $pdata$_isleadbyte_l       00000001804f9908     libucrt:_wctype.obj
 0004:00001914       $pdata$?__acrt_LCMapStringA_stat@@YAHPEAU__crt_locale_pointers@@PEB_WKPEBDHPEADHHH@Z 00000001804f9914     libucrt:lcmapstringa.obj
 0004:00001920       $pdata$__acrt_LCMapStringA 00000001804f9920     libucrt:lcmapstringa.obj
 0004:0000192c       $pdata$?__mbrtowc_utf8@__crt_mbstring@@YA_KPEA_WPEBD_KPEAU_Mbstatet@@@Z 00000001804f992c     libucrt:mbrtowc.obj
 0004:00001938       $pdata$?__mbsrtowcs_utf8@__crt_mbstring@@YA_KPEA_WPEAPEBD_KPEAU_Mbstatet@@@Z 00000001804f9938     libucrt:mbrtowc.obj
 0004:00001944       $pdata$?__c32rtomb_utf8@__crt_mbstring@@YA_KPEAD_UPEAU_Mbstatet@@@Z 00000001804f9944     libucrt:c32rtomb.obj
 0004:00001950       $pdata$__acrt_fp_strflt_to_string 00000001804f9950     libucrt:_fptostr.obj
 0004:0000195c       $pdata$?divide@__crt_strtox@@YA_KAEAUbig_integer@1@AEBU21@@Z 00000001804f995c     libucrt:cfout.obj
 0004:00001968       $pdata$0$?divide@__crt_strtox@@YA_KAEAUbig_integer@1@AEBU21@@Z 00000001804f9968     libucrt:cfout.obj
 0004:00001974       $pdata$1$?divide@__crt_strtox@@YA_KAEAUbig_integer@1@AEBU21@@Z 00000001804f9974     libucrt:cfout.obj
 0004:00001980       $pdata$__acrt_fltout       00000001804f9980     libucrt:cfout.obj
 0004:0000198c       $pdata$memcpy_s            00000001804f998c     libucrt:cfout.obj
 0004:00001998       $pdata$??$write_buffer_nolock@D@@YA_NDV__crt_stdio_stream@@@Z 00000001804f9998     libucrt:_flsbuf.obj
 0004:000019a4       $pdata$??$write_buffer_nolock@_W@@YA_N_WV__crt_stdio_stream@@@Z 00000001804f99a4     libucrt:_flsbuf.obj
 0004:000019b0       $pdata$?stream_is_at_end_of_file_nolock@@YA_NV__crt_stdio_stream@@@Z 00000001804f99b0     libucrt:_flsbuf.obj
 0004:000019bc       $pdata$__acrt_stdio_flush_and_write_narrow_nolock 00000001804f99bc     libucrt:_flsbuf.obj
 0004:000019c8       $pdata$__acrt_stdio_flush_and_write_wide_nolock 00000001804f99c8     libucrt:_flsbuf.obj
 0004:000019d4       $pdata$_isatty             00000001804f99d4     libucrt:isatty.obj
 0004:000019e0       $pdata$__acrt_locale_free_monetary 00000001804f99e0     libucrt:initmon.obj
 0004:000019ec       $pdata$__acrt_locale_free_numeric 00000001804f99ec     libucrt:initnum.obj
 0004:000019f8       $pdata$?free_crt_array_internal@@YAXQEAPEBX_K@Z 00000001804f99f8     libucrt:inittime.obj
 0004:00001a04       $pdata$__acrt_locale_free_time 00000001804f9a04     libucrt:inittime.obj
 0004:00001a10       $pdata$__acrt_GetStringTypeA 00000001804f9a10     libucrt:getstringtypea.obj
 0004:00001a28       $pdata$__acrt_stdio_allocate_buffer_nolock 00000001804f9a28     libucrt:_getbuf.obj
 0004:00001a34       $pdata$qsort               00000001804f9a34     libucrt:qsort.obj
 0004:00001a40       $pdata$4$qsort             00000001804f9a40     libucrt:qsort.obj
 0004:00001a4c       $pdata$5$qsort             00000001804f9a4c     libucrt:qsort.obj
 0004:00001a58       $pdata$strncpy_s           00000001804f9a58     libucrt:strncpy_s.obj
 0004:00001a64       $pdata$fallbackMethod      00000001804f9a64     libucrt:strpbrk.obj
 0004:00001a70       $pdata$strpbrk             00000001804f9a70     libucrt:strpbrk.obj
 0004:00001a7c       $pdata$_mbsdec_l           00000001804f9a7c     libucrt:mbsdec.obj
 0004:00001a88       $pdata$?initialize_multibyte@@YAHXZ 00000001804f9a88     libucrt:multibyte_initializer.obj
 0004:00001a94       $pdata$_msize_base         00000001804f9a94     libucrt:msize.obj
 0004:00001aa0       $pdata$_putwch_nolock      00000001804f9aa0     libucrt:putwch.obj
 0004:00001aac       $pdata$?__mbrtoc32_utf8@__crt_mbstring@@YA_KPEA_UPEBD_KPEAU_Mbstatet@@@Z 00000001804f9aac     libucrt:mbrtoc32.obj
 0004:00001ab8       $pdata$fegetenv            00000001804f9ab8     libucrt:fegetenv.obj
 0004:00001ac4       $pdata$fesetenv            00000001804f9ac4     libucrt:fesetenv.obj
 0004:00001ad0       $pdata$feholdexcept        00000001804f9ad0     libucrt:feholdexcept.obj
 0004:00001ae8       $pdata$__dcrt_lowio_ensure_console_output_initialized 00000001804f9ae8     libucrt:initcon.obj
 0004:00001af4       $pdata$__dcrt_terminate_console_output 00000001804f9af4     libucrt:initcon.obj
 0004:00001b00       $pdata$__dcrt_write_console 00000001804f9b00     libucrt:initcon.obj
 0004:00001b0c       $pdata$__acrt_fenv_set_control 00000001804f9b0c     libucrt:_fenvutils.obj
 0004:00001b18       $pdata$_clearfp            00000001804f9b18     libucrt:ieee.obj
 0004:00001b24       $pdata$_call_matherr       00000001804f9b24     libucrt:libm_error.obj
 0004:00001b30       $pdata$_exception_enabled  00000001804f9b30     libucrt:libm_error.obj
 0004:00001b3c       $pdata$_handle_error       00000001804f9b3c     libucrt:libm_error.obj
 0004:00001b48       $pdata$_handle_errorf      00000001804f9b48     libucrt:libm_error.obj
 0004:00001b54       $pdata$__acrt_initialize_fma3 00000001804f9b54     libucrt:fma3_available.obj
 0004:00001b60       $pdata$_log10_special      00000001804f9b60     libucrt:log_special.obj
 0004:00001b6c       $pdata$_log_special_common 00000001804f9b6c     libucrt:log_special.obj
 0004:00001b78       $pdata$_IsNonwritableInCurrentImage 00000001804f9b78     LIBCMT:pesect.obj
 0004:00001b84       $pdata$__GSHandlerCheck    00000001804f9b84     LIBCMT:gshandler.obj
 0004:00001b90       $pdata$__GSHandlerCheckCommon 00000001804f9b90     LIBCMT:gshandler.obj
 0004:00001ba8       $pdata$strrchr             00000001804f9ba8     libvcruntime:strrchr.obj
 0004:00001bc0       $pdata$acosf               00000001804f9bc0     libucrt:acosf.obj
 0004:00001bcc       $pdata$atan2f              00000001804f9bcc     libucrt:atan2f.obj
 0004:00001bf0       $pdata$sqrtf               00000001804f9bf0     libucrt:sqrtf.obj
 0004:00001c20       $pdata$_sincosf_special    00000001804f9c20     libucrt:sincos_special.obj
 0004:00001c44       $pdata$__scrt_is_nonwritable_in_current_image$filt$0 00000001804f9c44     LIBCMT:utility.obj
 0004:00001c50       $pdata$?fin$0@?0??dllmain_crt_process_attach@@YAHQEAUHINSTANCE__@@QEAX@Z@4HA 00000001804f9c50     LIBCMT:dll_dllmain.obj
 0004:00001c5c       $pdata$?fin$0@?0??dllmain_crt_process_detach@@YAH_N@Z@4HA 00000001804f9c5c     LIBCMT:dll_dllmain.obj
 0004:00001c68       $pdata$?filt$0@?0??dllmain_dispatch@@YAHQEAUHINSTANCE__@@KQEAX@Z@4HA 00000001804f9c68     LIBCMT:dll_dllmain.obj
 0004:00001c74       $pdata$__DestructExceptionObject$filt$0 00000001804f9c74     libvcruntime:ehhelpers.obj
 0004:00001c80       $pdata$?fin$0@?0???$?RV<lambda_0d412022a4b28cc8a401ea49574e8ae6>@@AEAV<lambda_a775ed57af18ba8e4d5dc780aa9068fe>@@V<lambda_975a71a6baa488a08f4e15f6b0339b9e>@@@?$__crt_seh_guarded_call@H@@QEAAH$$QEAV<lambda_0d412022a4b28cc8a401ea49574e8ae6>@@AEAV<lambda_a775ed57af18ba8e4d5dc780aa9068fe>@@$$QEAV<lambda_975a71a6baa488a08f4e15f6b0339b9e>@@@Z@4HA 00000001804f9c80     libucrt:output.obj
 0004:00001c80       $pdata$?fin$0@?0???$?RV<lambda_84ec643ea9557e2f7dc01bb0e9624395>@@AEAV<lambda_ca71763b3c0644891230e4f79ea54fa6>@@V<lambda_439a761618c59b0600e24586724d733b>@@@?$__crt_seh_guarded_call@H@@QEAAH$$QEAV<lambda_84ec643ea9557e2f7dc01bb0e9624395>@@AEAV<lambda_ca71763b3c0644891230e4f79ea54fa6>@@$$QEAV<lambda_439a761618c59b0600e24586724d733b>@@@Z@4HA 00000001804f9c80     libucrt:setvbuf.obj
 0004:00001c80       $pdata$?fin$0@?0???$?RV<lambda_a62c933ada0517137acf5807a1eeac1f>@@AEAV<lambda_a31071773b9a94e445cbd5d04ef99106>@@V<lambda_56065050dbf3ada7e59a83db45153de3>@@@?$__crt_seh_guarded_call@H@@QEAAH$$QEAV<lambda_a62c933ada0517137acf5807a1eeac1f>@@AEAV<lambda_a31071773b9a94e445cbd5d04ef99106>@@$$QEAV<lambda_56065050dbf3ada7e59a83db45153de3>@@@Z@4HA 00000001804f9c80     libucrt:output.obj
 0004:00001c80       $pdata$?fin$0@?0???$?RV<lambda_c376a267cfb53b6959b3b692ec76b120>@@AEAV<lambda_9a32fed5bf61b6b509b2d3f6003082a1>@@V<lambda_572fbb9fa0ab338edf41edfd4b5fcc8d>@@@?$__crt_seh_guarded_call@H@@QEAAH$$QEAV<lambda_c376a267cfb53b6959b3b692ec76b120>@@AEAV<lambda_9a32fed5bf61b6b509b2d3f6003082a1>@@$$QEAV<lambda_572fbb9fa0ab338edf41edfd4b5fcc8d>@@@Z@4HA 00000001804f9c80     libucrt:fflush.obj
 0004:00001c80       $pdata$?fin$0@?0???$?RV<lambda_842d9ff0dc9ef11c61343bbaebe7f885>@@AEAV<lambda_c5860995281e5c4ce005b3de8f5874ee>@@V<lambda_d90129c13df834fdcbf8d2b88dafcf2d>@@@?$__crt_seh_guarded_call@X@@QEAAX$$QEAV<lambda_842d9ff0dc9ef11c61343bbaebe7f885>@@AEAV<lambda_c5860995281e5c4ce005b3de8f5874ee>@@$$QEAV<lambda_d90129c13df834fdcbf8d2b88dafcf2d>@@@Z@4HA 00000001804f9c80     libucrt:fflush.obj
 0004:00001c8c       $pdata$fclose$fin$0        00000001804f9c8c     libucrt:fclose.obj
 0004:00001c98       $pdata$_query_new_handler$fin$0 00000001804f9c98     libucrt:new_handler.obj
 0004:00001ca4       $pdata$?fin$0@?0???$?RV<lambda_2d41944a1d46af3157314b8a01080d33>@@AEAV<lambda_8f455de75cd7d7f24b4096f044d8b9e6>@@V<lambda_aa500f224e6afead328df44964fe2772>@@@?$__crt_seh_guarded_call@X@@QEAAX$$QEAV<lambda_2d41944a1d46af3157314b8a01080d33>@@AEAV<lambda_8f455de75cd7d7f24b4096f044d8b9e6>@@$$QEAV<lambda_aa500f224e6afead328df44964fe2772>@@@Z@4HA 00000001804f9ca4     libucrt:per_thread_data.obj
 0004:00001ca4       $pdata$?fin$0@?0???$?RV<lambda_efdfa57d1f175319df784efa44bb7b81>@@AEAV<lambda_5f0a4c1567f8adc6734073e5d1e1b35c>@@V<lambda_2e8a7d3640ea6ccb4c2413664c2db6fd>@@@?$__crt_seh_guarded_call@X@@QEAAX$$QEAV<lambda_efdfa57d1f175319df784efa44bb7b81>@@AEAV<lambda_5f0a4c1567f8adc6734073e5d1e1b35c>@@$$QEAV<lambda_2e8a7d3640ea6ccb4c2413664c2db6fd>@@@Z@4HA 00000001804f9ca4     libucrt:mbctype.obj
 0004:00001ca4       $pdata$?fin$0@?0???$?RV<lambda_7777bce6b2f8c936911f934f8298dc43>@@AEAV<lambda_f03950bc5685219e0bcd2087efbe011e>@@V<lambda_3883c3dff614d5e0c5f61bb1ac94921c>@@@?$__crt_seh_guarded_call@H@@QEAAH$$QEAV<lambda_7777bce6b2f8c936911f934f8298dc43>@@AEAV<lambda_f03950bc5685219e0bcd2087efbe011e>@@$$QEAV<lambda_3883c3dff614d5e0c5f61bb1ac94921c>@@@Z@4HA 00000001804f9ca4     libucrt:onexit.obj
 0004:00001ca4       $pdata$?fin$0@?0???$?RV<lambda_f2e299630e499de9f9a165e60fcd3db5>@@AEAV<lambda_2ae9d31cdba2644fcbeaf08da7c24588>@@V<lambda_40d01ff24d0e7b3814fdbdcee8eab3c7>@@@?$__crt_seh_guarded_call@X@@QEAAX$$QEAV<lambda_f2e299630e499de9f9a165e60fcd3db5>@@AEAV<lambda_2ae9d31cdba2644fcbeaf08da7c24588>@@$$QEAV<lambda_40d01ff24d0e7b3814fdbdcee8eab3c7>@@@Z@4HA 00000001804f9ca4     libucrt:per_thread_data.obj
 0004:00001ca4       $pdata$?fin$0@?0???$?RV<lambda_0ae27a3a962d80f24befdcbee591983d>@@AEAV<lambda_8d0ee55de4b1038c4002e0adecdf1839>@@V<lambda_dc504788e8f1664fe9b84e20bfb512f2>@@@?$__crt_seh_guarded_call@X@@QEAAX$$QEAV<lambda_0ae27a3a962d80f24befdcbee591983d>@@AEAV<lambda_8d0ee55de4b1038c4002e0adecdf1839>@@$$QEAV<lambda_dc504788e8f1664fe9b84e20bfb512f2>@@@Z@4HA 00000001804f9ca4     libucrt:per_thread_data.obj
 0004:00001ca4       $pdata$?fin$0@?0???$?RV<lambda_d80eeec6fff315bfe5c115232f3240e3>@@AEAV<lambda_6e4b09c48022b2350581041d5f6b0c4c>@@V<lambda_2358e3775559c9db80273638284d5e45>@@@?$__crt_seh_guarded_call@X@@QEAAX$$QEAV<lambda_d80eeec6fff315bfe5c115232f3240e3>@@AEAV<lambda_6e4b09c48022b2350581041d5f6b0c4c>@@$$QEAV<lambda_2358e3775559c9db80273638284d5e45>@@@Z@4HA 00000001804f9ca4     libucrt:exit.obj
 0004:00001ca4       $pdata$?fin$0@?0???$?RV<lambda_638799b9deba96c50f710eeac98168cd>@@AEAV<lambda_22ebabd17bc4fa466a2aca6d8deb888d>@@V<lambda_a6f7d7db0129f75315ebf26d50c089f1>@@@?$__crt_seh_guarded_call@H@@QEAAH$$QEAV<lambda_638799b9deba96c50f710eeac98168cd>@@AEAV<lambda_22ebabd17bc4fa466a2aca6d8deb888d>@@$$QEAV<lambda_a6f7d7db0129f75315ebf26d50c089f1>@@@Z@4HA 00000001804f9ca4     libucrt:onexit.obj
 0004:00001ca4       $pdata$?fin$0@?0???$?RV<lambda_450d765d439847d4c735a33c368b5fc0>@@AEAV<lambda_44731a7d0e6d81c3e6aa82d741081786>@@V<lambda_601a2a7da3b7a96e9554ac7215c4b07c>@@@?$__crt_seh_guarded_call@P6AXH@Z@@QEAAP6AXH@Z$$QEAV<lambda_450d765d439847d4c735a33c368b5fc0>@@AEAV<lambda_44731a7d0e6d81c3e6aa82d741081786>@@$$QEAV<lambda_601a2a7da3b7a96e9554ac7215c4b07c>@@@Z@4HA 00000001804f9ca4     libucrt:signal.obj
 0004:00001ca4       $pdata$?fin$0@?0???$?RV<lambda_aa87e3671a710a21b5dc78c0bdf72e11>@@AEAV<lambda_92619d2358a28f41a33ba319515a20b9>@@V<lambda_6992ecaafeb10aed2b74cb1fae11a551>@@@?$__crt_seh_guarded_call@X@@QEAAX$$QEAV<lambda_aa87e3671a710a21b5dc78c0bdf72e11>@@AEAV<lambda_92619d2358a28f41a33ba319515a20b9>@@$$QEAV<lambda_6992ecaafeb10aed2b74cb1fae11a551>@@@Z@4HA 00000001804f9ca4     libucrt:per_thread_data.obj
 0004:00001cb0       $pdata$?filt$0@?0???R<lambda_6e4b09c48022b2350581041d5f6b0c4c>@@QEBA@XZ@4HA 00000001804f9cb0     libucrt:exit.obj
 0004:00001cbc       $pdata$_fcloseall$fin$0    00000001804f9cbc     libucrt:closeall.obj
 0004:00001cc8       $pdata$?fin$0@?0???$?RV<lambda_886d6c58226a84441f68b9f2b8217b83>@@AEAV<lambda_ab61a845afdef5b7c387490eaf3616ee>@@V<lambda_f7f22ab5edc0698d5f6905b0d3f44752>@@@?$__crt_seh_guarded_call@X@@QEAAX$$QEAV<lambda_886d6c58226a84441f68b9f2b8217b83>@@AEAV<lambda_ab61a845afdef5b7c387490eaf3616ee>@@$$QEAV<lambda_f7f22ab5edc0698d5f6905b0d3f44752>@@@Z@4HA 00000001804f9cc8     libucrt:fflush.obj
 0004:00001cd4       $pdata$__acrt_initialize_lowio$fin$0 00000001804f9cd4     libucrt:ioinit.obj
 0004:00001cd4       $pdata$__acrt_lowio_ensure_fh_exists$fin$0 00000001804f9cd4     libucrt:osfinfo.obj
 0004:00001ce0       $pdata$?fin$0@?0???$?RV<lambda_410d79af7f07d98d83a3f525b3859a53>@@AEAV<lambda_3e16ef9562a7dcce91392c22ab16ea36>@@V<lambda_38119f0e861e05405d8a144b9b982f0a>@@@?$__crt_seh_guarded_call@X@@QEAAX$$QEAV<lambda_410d79af7f07d98d83a3f525b3859a53>@@AEAV<lambda_3e16ef9562a7dcce91392c22ab16ea36>@@$$QEAV<lambda_38119f0e861e05405d8a144b9b982f0a>@@@Z@4HA 00000001804f9ce0     libucrt:wsetlocale.obj
 0004:00001cec       $pdata$raise$fin$0         00000001804f9cec     libucrt:signal.obj
 0004:00001cf8       $pdata$_write$fin$0        00000001804f9cf8     libucrt:write.obj
 0004:00001cf8       $pdata$?fin$0@?0???$common_lseek@_J@@YA_JH_JH@Z@4HA 00000001804f9cf8     libucrt:lseek.obj
 0004:00001d04       $pdata$?fin$0@?0???$?RV<lambda_751a882b2c74d4b022dec766aa51a29a>@@AEAV<lambda_628dfdc04ba53c8bfc02c9951375f3f5>@@V<lambda_f6c7be5f7998530c34de24c7437d6b54>@@@?$__crt_seh_guarded_call@H@@QEAAH$$QEAV<lambda_751a882b2c74d4b022dec766aa51a29a>@@AEAV<lambda_628dfdc04ba53c8bfc02c9951375f3f5>@@$$QEAV<lambda_f6c7be5f7998530c34de24c7437d6b54>@@@Z@4HA 00000001804f9d04     libucrt:close.obj
 0004:00001d04       $pdata$?fin$0@?0???$?RV<lambda_a37b2b86f63e897a80ea819b0eb08c01>@@AEAV<lambda_38ce7e780aa69e748d6df282ebc68efe>@@V<lambda_99fb1378e971ab6e7edea83e3a7a83a2>@@@?$__crt_seh_guarded_call@H@@QEAAH$$QEAV<lambda_a37b2b86f63e897a80ea819b0eb08c01>@@AEAV<lambda_38ce7e780aa69e748d6df282ebc68efe>@@$$QEAV<lambda_99fb1378e971ab6e7edea83e3a7a83a2>@@@Z@4HA 00000001804f9d04     libucrt:commit.obj
 0004:00001d10       $pdata$_ctrlfp$filt$0      00000001804f9d10     libucrt:fpctrl.obj
 0004:00001d1c       $pdata$?fin$0@?0??update_thread_multibyte_data_internal@@YAPEAU__crt_multibyte_data@@QEAU__acrt_ptd@@QEAPEAU1@@Z@4HA 00000001804f9d1c     libucrt:mbctype.obj
 0004:00001d28       $pdata$__acrt_update_thread_locale_data$fin$0 00000001804f9d28     libucrt:locale_refcounting.obj
 0004:00001d34       $pdata$_IsNonwritableInCurrentImage$filt$0 00000001804f9d34     LIBCMT:pesect.obj
 0004:00001d40       $pdata$??__Fpaints_box@@YAXXZ 00000001804f9d40     nanovg_webgl2_api.obj
 0005:00000060       $R000000                   00000001804fa060     * linker generated manifest res *

 Exports

  ordinal    name

        1    _register_NANOVG_NODE_WEBGL_
